Archive member included to satisfy reference by file (symbol)

build/lib/modules/freertos.a(queue.o)
                              build/obj/src/main.o (xQueueGenericSend)
build/lib/modules/freertos.a(tasks.o)
                              build/obj/src/main.o (xTaskCreate)
build/lib/modules/freertos.a(timers.o)
                              build/lib/modules/freertos.a(tasks.o) (xTimerCreateTimerTask)
build/lib/modules/freertos.a(port.o)
                              build/lib/modules/freertos.a(tasks.o) (pxPortInitialiseStack)
build/lib/modules/freertos.a(heap_4.o)
                              build/lib/modules/freertos.a(queue.o) (pvPortMalloc)
build/lib/modules/freertos.a(list.o)
                              build/lib/modules/freertos.a(queue.o) (vListInitialise)
build/lib/boards/edu-ciaa-nxp.a(board.o)
                              build/lib/modules/freertos.a(heap_4.o) (ucHeap)
build/lib/boards/edu-ciaa-nxp.a(armv7m_startup.o)
                              (Reset_Handler)
build/lib/boards/edu-ciaa-nxp.a(chip_18xx_43xx.o)
                              build/obj/src/bsp.o (SystemCoreClock)
build/lib/boards/edu-ciaa-nxp.a(clock_18xx_43xx.o)
                              build/lib/boards/edu-ciaa-nxp.a(chip_18xx_43xx.o) (Chip_Clock_GetClockInputHz)
build/lib/boards/edu-ciaa-nxp.a(sysinit.o)
                              build/lib/boards/edu-ciaa-nxp.a(armv7m_startup.o) (SystemInit)
build/lib/boards/edu-ciaa-nxp.a(board_lpcopen.o)
                              build/lib/boards/edu-ciaa-nxp.a(clock_18xx_43xx.o) (ExtRateIn)
build/lib/boards/edu-ciaa-nxp.a(board_sysinit.o)
                              build/lib/boards/edu-ciaa-nxp.a(sysinit.o) (Board_SystemInit)
build/lib/boards/edu-ciaa-nxp.a(adc_18xx_43xx.o)
                              build/lib/boards/edu-ciaa-nxp.a(board_lpcopen.o) (Chip_ADC_Init)
build/lib/boards/edu-ciaa-nxp.a(gpio_18xx_43xx.o)
                              build/lib/boards/edu-ciaa-nxp.a(board_lpcopen.o) (Chip_GPIO_Init)
build/lib/boards/edu-ciaa-nxp.a(i2c_18xx_43xx.o)
                              build/lib/boards/edu-ciaa-nxp.a(board_lpcopen.o) (Chip_I2C_Init)
build/lib/boards/edu-ciaa-nxp.a(ssp_18xx_43xx.o)
                              build/lib/boards/edu-ciaa-nxp.a(board_lpcopen.o) (Chip_SSP_SetBitRate)
build/lib/boards/edu-ciaa-nxp.a(sysinit_18xx_43xx.o)
                              build/lib/boards/edu-ciaa-nxp.a(board_sysinit.o) (Chip_SetupCoreClock)
build/lib/boards/edu-ciaa-nxp.a(uart_18xx_43xx.o)
                              build/lib/boards/edu-ciaa-nxp.a(board_lpcopen.o) (Chip_UART_Init)
build/lib/boards/edu-ciaa-nxp.a(ring_buffer.o)
                              build/lib/boards/edu-ciaa-nxp.a(uart_18xx_43xx.o) (RingBuffer_Insert)
/home/pablo/eiti/2022/embebidos/gcc/gcc-arm/bin/../lib/gcc/arm-none-eabi/10.3.1/thumb/v7e-m+fp/softfp/libgcc.a(_aeabi_uldivmod.o)
                              build/lib/boards/edu-ciaa-nxp.a(uart_18xx_43xx.o) (__aeabi_uldivmod)
/home/pablo/eiti/2022/embebidos/gcc/gcc-arm/bin/../lib/gcc/arm-none-eabi/10.3.1/thumb/v7e-m+fp/softfp/libgcc.a(_udivmoddi4.o)
                              /home/pablo/eiti/2022/embebidos/gcc/gcc-arm/bin/../lib/gcc/arm-none-eabi/10.3.1/thumb/v7e-m+fp/softfp/libgcc.a(_aeabi_uldivmod.o) (__udivmoddi4)
/home/pablo/eiti/2022/embebidos/gcc/gcc-arm/bin/../lib/gcc/arm-none-eabi/10.3.1/thumb/v7e-m+fp/softfp/libgcc.a(_dvmd_tls.o)
                              /home/pablo/eiti/2022/embebidos/gcc/gcc-arm/bin/../lib/gcc/arm-none-eabi/10.3.1/thumb/v7e-m+fp/softfp/libgcc.a(_aeabi_uldivmod.o) (__aeabi_ldiv0)
/home/pablo/eiti/2022/embebidos/gcc/gcc-arm/bin/../lib/gcc/arm-none-eabi/10.3.1/../../../../arm-none-eabi/lib/thumb/v7e-m+fp/softfp/libc_nano.a(lib_a-init.o)
                              build/lib/boards/edu-ciaa-nxp.a(armv7m_startup.o) (__libc_init_array)
/home/pablo/eiti/2022/embebidos/gcc/gcc-arm/bin/../lib/gcc/arm-none-eabi/10.3.1/../../../../arm-none-eabi/lib/thumb/v7e-m+fp/softfp/libc_nano.a(lib_a-memcpy-stub.o)
                              build/lib/modules/freertos.a(queue.o) (memcpy)
/home/pablo/eiti/2022/embebidos/gcc/gcc-arm/bin/../lib/gcc/arm-none-eabi/10.3.1/../../../../arm-none-eabi/lib/thumb/v7e-m+fp/softfp/libc_nano.a(lib_a-memset.o)
                              build/lib/modules/freertos.a(tasks.o) (memset)
/home/pablo/eiti/2022/embebidos/gcc/gcc-arm/bin/../lib/gcc/arm-none-eabi/10.3.1/../../../../arm-none-eabi/lib/thumb/v7e-m+fp/softfp/libc_nano.a(lib_a-strlen.o)
                              build/lib/modules/freertos.a(tasks.o) (strlen)

Discarded input sections

 .group         0x0000000000000000        0xc build/obj/src/bsp.o
 .group         0x0000000000000000        0xc build/obj/src/bsp.o
 .group         0x0000000000000000        0xc build/obj/src/bsp.o
 .group         0x0000000000000000        0xc build/obj/src/bsp.o
 .group         0x0000000000000000        0xc build/obj/src/bsp.o
 .group         0x0000000000000000        0xc build/obj/src/bsp.o
[...]
Memory Configuration

Name             Origin             Length             Attributes
MFlashA512       0x000000001a000000 0x0000000000080000 xr
MFlashB512       0x000000001b000000 0x0000000000080000 xr
RamLoc32         0x0000000010000000 0x0000000000008000 xrw
RamLoc40         0x0000000010080000 0x000000000000a000 xrw
RamAHB32         0x0000000020000000 0x0000000000008000 xrw
RamAHB16         0x0000000020008000 0x0000000000004000 xrw
RamAHB_ETB16     0x000000002000c000 0x0000000000004000 xrw
*default*        0x0000000000000000 0xffffffffffffffff

Linker script and memory map

LOAD build/obj/src/bsp.o
LOAD build/obj/src/digital.o
LOAD build/obj/src/main.o
LOAD build/lib/modules/freertos.a
LOAD build/lib/boards/edu-ciaa-nxp.a
START GROUP
LOAD /home/pablo/eiti/2022/embebidos/gcc/gcc-arm/bin/../lib/gcc/arm-none-eabi/10.3.1/thumb/v7e-m+fp/softfp/libgcc.a
LOAD /home/pablo/eiti/2022/embebidos/gcc/gcc-arm/bin/../lib/gcc/arm-none-eabi/10.3.1/../../../../arm-none-eabi/lib/thumb/v7e-m+fp/softfp/libc_nano.a
END GROUP
START GROUP
LOAD /home/pablo/eiti/2022/embebidos/gcc/gcc-arm/bin/../lib/gcc/arm-none-eabi/10.3.1/thumb/v7e-m+fp/softfp/libgcc.a
LOAD /home/pablo/eiti/2022/embebidos/gcc/gcc-arm/bin/../lib/gcc/arm-none-eabi/10.3.1/../../../../arm-none-eabi/lib/thumb/v7e-m+fp/softfp/libc_nano.a
LOAD /home/pablo/eiti/2022/embebidos/gcc/gcc-arm/bin/../lib/gcc/arm-none-eabi/10.3.1/../../../../arm-none-eabi/lib/thumb/v7e-m+fp/softfp/libnosys.a
END GROUP
START GROUP
LOAD /home/pablo/eiti/2022/embebidos/gcc/gcc-arm/bin/../lib/gcc/arm-none-eabi/10.3.1/thumb/v7e-m+fp/softfp/libgcc.a
LOAD /home/pablo/eiti/2022/embebidos/gcc/gcc-arm/bin/../lib/gcc/arm-none-eabi/10.3.1/../../../../arm-none-eabi/lib/thumb/v7e-m+fp/softfp/libc_nano.a
LOAD /home/pablo/eiti/2022/embebidos/gcc/gcc-arm/bin/../lib/gcc/arm-none-eabi/10.3.1/../../../../arm-none-eabi/lib/thumb/v7e-m+fp/softfp/libnosys.a
END GROUP
                0x000000001a080000                __top_MFlashA512 = 0x1a080000
                0x000000001b080000                __top_MFlashB512 = 0x1b080000
                0x0000000010008000                __top_RamLoc32 = 0x10008000
                0x000000001008a000                __top_RamLoc40 = 0x1008a000
                0x0000000020008000                __top_RamAHB32 = 0x20008000
                0x000000002000c000                __top_RamAHB16 = 0x2000c000
                0x0000000020010000                __top_RamAHB_ETB16 = 0x20010000
START GROUP
LOAD /home/pablo/eiti/2022/embebidos/gcc/gcc-arm/bin/../lib/gcc/arm-none-eabi/10.3.1/thumb/v7e-m+fp/softfp/libgcc.a
LOAD /home/pablo/eiti/2022/embebidos/gcc/gcc-arm/bin/../lib/gcc/arm-none-eabi/10.3.1/../../../../arm-none-eabi/lib/thumb/v7e-m+fp/softfp/libc.a
LOAD /home/pablo/eiti/2022/embebidos/gcc/gcc-arm/bin/../lib/gcc/arm-none-eabi/10.3.1/../../../../arm-none-eabi/lib/thumb/v7e-m+fp/softfp/libm.a
END GROUP

.text_Flash2    0x000000001b000000        0x0
 FILL mask 0xff
 *(.text_Flash2*)
 *(.text_MFlashB512*)
 *(.text.$Flash2*)
 *(.text.$MFlashB512*)
 *(.rodata.$Flash2*)
 *(.rodata.$MFlashB512*)

.text           0x000000001a000000      0x15a
 FILL mask 0xff
                0x000000001a000000                __vectors_start__ = ABSOLUTE (.)
 *(.isr_vector)
 .isr_vector    0x000000001a000000       0x40 build/lib/boards/edu-ciaa-nxp.a(armv7m_startup.o)
                0x000000001a000000                g_pfnVectors
 *(.isr_vendor_vector)
                0x000000001a000040                . = ALIGN (0x4)
                0x000000001a000040                __section_table_start = .
                0x000000001a000040                __data_section_table = .
                0x000000001a000040        0x4 LONG 0x1a00f27c LOADADDR (.data)
                0x000000001a000044        0x4 LONG 0x10000000 ADDR (.data)
                0x000000001a000048        0x4 LONG 0x40 SIZEOF (.data)
                0x000000001a00004c        0x4 LONG 0x1a00527c LOADADDR (.data_RAM2)
                0x000000001a000050        0x4 LONG 0x10080000 ADDR (.data_RAM2)
                0x000000001a000054        0x4 LONG 0xa000 SIZEOF (.data_RAM2)
                0x000000001a000058        0x4 LONG 0x1a00f27c LOADADDR (.data_RAM3)
                0x000000001a00005c        0x4 LONG 0x20000000 ADDR (.data_RAM3)
                0x000000001a000060        0x4 LONG 0x0 SIZEOF (.data_RAM3)
                0x000000001a000064        0x4 LONG 0x1a00f27c LOADADDR (.data_RAM4)
                0x000000001a000068        0x4 LONG 0x20008000 ADDR (.data_RAM4)
                0x000000001a00006c        0x4 LONG 0x0 SIZEOF (.data_RAM4)
                0x000000001a000070        0x4 LONG 0x1a00f27c LOADADDR (.data_RAM5)
                0x000000001a000074        0x4 LONG 0x2000c000 ADDR (.data_RAM5)
                0x000000001a000078        0x4 LONG 0x0 SIZEOF (.data_RAM5)
                0x000000001a00007c                __data_section_table_end = .
                0x000000001a00007c                __bss_section_table = .
                0x000000001a00007c        0x4 LONG 0x10000040 ADDR (.bss)
                0x000000001a000080        0x4 LONG 0x234 SIZEOF (.bss)
                0x000000001a000084        0x4 LONG 0x1008a000 ADDR (.bss_RAM2)
                0x000000001a000088        0x4 LONG 0x0 SIZEOF (.bss_RAM2)
                0x000000001a00008c        0x4 LONG 0x20000000 ADDR (.bss_RAM3)
                0x000000001a000090        0x4 LONG 0x0 SIZEOF (.bss_RAM3)
                0x000000001a000094        0x4 LONG 0x20008000 ADDR (.bss_RAM4)
                0x000000001a000098        0x4 LONG 0x0 SIZEOF (.bss_RAM4)
                0x000000001a00009c        0x4 LONG 0x2000c000 ADDR (.bss_RAM5)
                0x000000001a0000a0        0x4 LONG 0x0 SIZEOF (.bss_RAM5)
                0x000000001a0000a4                __bss_section_table_end = .
                0x000000001a0000a4                __section_table_end = .
 *(.after_vectors*)
 .after_vectors
                0x000000001a0000a4       0xb6 build/lib/boards/edu-ciaa-nxp.a(armv7m_startup.o)
                0x000000001a0000a4                data_init
                0x000000001a0000ea                bss_init
                0x000000001a000124                NMI_Handler
                0x000000001a00012a                HardFault_Handler
                0x000000001a000130                MemManage_Handler
                0x000000001a000136                BusFault_Handler
                0x000000001a00013c                UsageFault_Handler
                0x000000001a000148                DebugMon_Handler

.glue_7         0x000000001a00015c        0x0
 .glue_7        0x000000001a00015c        0x0 linker stubs

.glue_7t        0x000000001a00015c        0x0
 .glue_7t       0x000000001a00015c        0x0 linker stubs

.vfp11_veneer   0x000000001a00015c        0x0
 .vfp11_veneer  0x000000001a00015c        0x0 linker stubs

.v4_bx          0x000000001a00015c        0x0
 .v4_bx         0x000000001a00015c        0x0 linker stubs

.iplt           0x000000001a00015c        0x0
 .iplt          0x000000001a00015c        0x0 build/obj/src/bsp.o
                0x000000001a00015c                . = ALIGN (0x4)

.preinit_array  0x000000001a00015a        0x0
                0x000000001a00015a                PROVIDE (__preinit_array_start = .)
 *(.preinit_array*)
                0x000000001a00015a                PROVIDE (__preinit_array_end = .)

.init_array     0x000000001a00015a        0x0
                0x000000001a00015a                PROVIDE (__init_array_start = .)
 *(SORT_BY_NAME(.init_array.*))
 *(.init_array*)
                0x000000001a00015a                PROVIDE (__init_array_end = .)
                0x000000001a00015c                . = ALIGN (0x4)

.text           0x000000001a000160     0x5114
 *(.text*)
 .text.Chip_SCU_PinMuxSet
                0x000000001a000160       0x34 build/obj/src/bsp.o
 .text.Chip_GPIO_SetPinState
                0x000000001a000194       0x38 build/obj/src/bsp.o
 .text.Chip_GPIO_SetPinDIROutput
                0x000000001a0001cc       0x3e build/obj/src/bsp.o
 .text.Chip_GPIO_SetPinDIRInput
                0x000000001a00020a       0x40 build/obj/src/bsp.o
 .text.Chip_GPIO_SetPinDIR
                0x000000001a00024a       0x42 build/obj/src/bsp.o
 .text.BoardCreate
                0x000000001a00028c      0x120 build/obj/src/bsp.o
                0x000000001a00028c                BoardCreate
 .text.Chip_GPIO_SetPinState
                0x000000001a0003ac       0x38 build/obj/src/digital.o
 .text.Chip_GPIO_SetPinDIROutput
                0x000000001a0003e4       0x3e build/obj/src/digital.o
 .text.Chip_GPIO_SetPinDIRInput
                0x000000001a000422       0x40 build/obj/src/digital.o
 .text.Chip_GPIO_SetPinDIR
                0x000000001a000462       0x42 build/obj/src/digital.o
 .text.DigitalInputAllocate
                0x000000001a0004a4       0x6c build/obj/src/digital.o
                0x000000001a0004a4                DigitalInputAllocate
 .text.DigitalOutputAllocate
                0x000000001a000510       0x6c build/obj/src/digital.o
                0x000000001a000510                DigitalOutputAllocate
 .text.DigitalInputCreate
                0x000000001a00057c       0x50 build/obj/src/digital.o
                0x000000001a00057c                DigitalInputCreate
 .text.DigitalOutputCreate
                0x000000001a0005cc       0x58 build/obj/src/digital.o
                0x000000001a0005cc                DigitalOutputCreate
 .text.DigitalOutputActivate
                0x000000001a000624       0x24 build/obj/src/digital.o
                0x000000001a000624                DigitalOutputActivate
 .text.DigitalOutputDeactivate
                0x000000001a000648       0x24 build/obj/src/digital.o
                0x000000001a000648                DigitalOutputDeactivate
 .text.Blinking
                0x000000001a00066c       0x80 build/obj/src/main.o
                0x000000001a00066c                Blinking
 .text.main     0x000000001a0006ec       0x8c build/obj/src/main.o
                0x000000001a0006ec                main
 .text.xQueueGenericReset
                0x000000001a000778       0xd0 build/lib/modules/freertos.a(queue.o)
                0x000000001a000778                xQueueGenericReset
 .text.xQueueGenericCreate
                0x000000001a000848       0xbe build/lib/modules/freertos.a(queue.o)
                0x000000001a000848                xQueueGenericCreate
 .text.prvInitialiseNewQueue
                0x000000001a000906       0x46 build/lib/modules/freertos.a(queue.o)
 .text.prvInitialiseMutex
                0x000000001a00094c       0x34 build/lib/modules/freertos.a(queue.o)
 .text.xQueueCreateMutex
                0x000000001a000980       0x30 build/lib/modules/freertos.a(queue.o)
                0x000000001a000980                xQueueCreateMutex
 .text.xQueueGenericSend
                0x000000001a0009b0      0x1fc build/lib/modules/freertos.a(queue.o)
                0x000000001a0009b0                xQueueGenericSend
 .text.xQueueGenericSendFromISR
                0x000000001a000bac      0x154 build/lib/modules/freertos.a(queue.o)
                0x000000001a000bac                xQueueGenericSendFromISR
 .text.xQueueReceive
                0x000000001a000d00      0x1c0 build/lib/modules/freertos.a(queue.o)
                0x000000001a000d00                xQueueReceive
 .text.xQueueSemaphoreTake
                0x000000001a000ec0      0x218 build/lib/modules/freertos.a(queue.o)
                0x000000001a000ec0                xQueueSemaphoreTake
 .text.prvGetDisinheritPriorityAfterTimeout
                0x000000001a0010d8       0x30 build/lib/modules/freertos.a(queue.o)
 .text.prvCopyDataToQueue
                0x000000001a001108       0xd4 build/lib/modules/freertos.a(queue.o)
 .text.prvCopyDataFromQueue
                0x000000001a0011dc       0x4c build/lib/modules/freertos.a(queue.o)
 .text.prvUnlockQueue
                0x000000001a001228       0xa4 build/lib/modules/freertos.a(queue.o)
 .text.prvIsQueueEmpty
                0x000000001a0012cc       0x2c build/lib/modules/freertos.a(queue.o)
 .text.prvIsQueueFull
                0x000000001a0012f8       0x30 build/lib/modules/freertos.a(queue.o)
 .text.vQueueAddToRegistry
                0x000000001a001328       0x54 build/lib/modules/freertos.a(queue.o)
                0x000000001a001328                vQueueAddToRegistry
 .text.vQueueWaitForMessageRestricted
                0x000000001a00137c       0x68 build/lib/modules/freertos.a(queue.o)
                0x000000001a00137c                vQueueWaitForMessageRestricted
 .text.xTaskCreate
                0x000000001a0013e4       0x82 build/lib/modules/freertos.a(tasks.o)
                0x000000001a0013e4                xTaskCreate
 .text.prvInitialiseNewTask
                0x000000001a001466      0x12c build/lib/modules/freertos.a(tasks.o)
 *fill*         0x000000001a001592        0x2 
 .text.prvAddNewTaskToReadyList
                0x000000001a001594       0xdc build/lib/modules/freertos.a(tasks.o)
 .text.vTaskDelay
                0x000000001a001670       0x68 build/lib/modules/freertos.a(tasks.o)
                0x000000001a001670                vTaskDelay
 .text.vTaskStartScheduler
                0x000000001a0016d8       0xa4 build/lib/modules/freertos.a(tasks.o)
                0x000000001a0016d8                vTaskStartScheduler
 .text.vTaskSuspendAll
                0x000000001a00177c       0x1c build/lib/modules/freertos.a(tasks.o)
                0x000000001a00177c                vTaskSuspendAll
 .text.xTaskResumeAll
                0x000000001a001798      0x138 build/lib/modules/freertos.a(tasks.o)
                0x000000001a001798                xTaskResumeAll
 .text.xTaskGetTickCount
                0x000000001a0018d0       0x20 build/lib/modules/freertos.a(tasks.o)
                0x000000001a0018d0                xTaskGetTickCount
 .text.xTaskIncrementTick
                0x000000001a0018f0      0x170 build/lib/modules/freertos.a(tasks.o)
                0x000000001a0018f0                xTaskIncrementTick
 .text.vTaskSwitchContext
                0x000000001a001a60       0xb8 build/lib/modules/freertos.a(tasks.o)
                0x000000001a001a60                vTaskSwitchContext
 .text.vTaskPlaceOnEventList
                0x000000001a001b18       0x48 build/lib/modules/freertos.a(tasks.o)
                0x000000001a001b18                vTaskPlaceOnEventList
 .text.vTaskPlaceOnEventListRestricted
                0x000000001a001b60       0x58 build/lib/modules/freertos.a(tasks.o)
                0x000000001a001b60                vTaskPlaceOnEventListRestricted
 .text.xTaskRemoveFromEventList
                0x000000001a001bb8       0xc4 build/lib/modules/freertos.a(tasks.o)
                0x000000001a001bb8                xTaskRemoveFromEventList
 .text.vTaskInternalSetTimeOutState
                0x000000001a001c7c       0x2c build/lib/modules/freertos.a(tasks.o)
                0x000000001a001c7c                vTaskInternalSetTimeOutState
 .text.xTaskCheckForTimeOut
                0x000000001a001ca8       0xcc build/lib/modules/freertos.a(tasks.o)
                0x000000001a001ca8                xTaskCheckForTimeOut
 .text.vTaskMissedYield
                0x000000001a001d74       0x18 build/lib/modules/freertos.a(tasks.o)
                0x000000001a001d74                vTaskMissedYield
 .text.prvIdleTask
                0x000000001a001d8c       0x30 build/lib/modules/freertos.a(tasks.o)
 .text.prvInitialiseTaskLists
                0x000000001a001dbc       0x80 build/lib/modules/freertos.a(tasks.o)
 .text.prvCheckTasksWaitingTermination
                0x000000001a001e3c       0x5c build/lib/modules/freertos.a(tasks.o)
 .text.prvDeleteTCB
                0x000000001a001e98       0x20 build/lib/modules/freertos.a(tasks.o)
 .text.prvResetNextTaskUnblockTime
                0x000000001a001eb8       0x38 build/lib/modules/freertos.a(tasks.o)
 .text.xTaskGetSchedulerState
                0x000000001a001ef0       0x3c build/lib/modules/freertos.a(tasks.o)
                0x000000001a001ef0                xTaskGetSchedulerState
 .text.xTaskPriorityInherit
                0x000000001a001f2c       0xec build/lib/modules/freertos.a(tasks.o)
                0x000000001a001f2c                xTaskPriorityInherit
 .text.xTaskPriorityDisinherit
                0x000000001a002018       0xf4 build/lib/modules/freertos.a(tasks.o)
                0x000000001a002018                xTaskPriorityDisinherit
 .text.vTaskPriorityDisinheritAfterTimeout
                0x000000001a00210c      0x11c build/lib/modules/freertos.a(tasks.o)
                0x000000001a00210c                vTaskPriorityDisinheritAfterTimeout
 .text.pvTaskIncrementMutexHeldCount
                0x000000001a002228       0x28 build/lib/modules/freertos.a(tasks.o)
                0x000000001a002228                pvTaskIncrementMutexHeldCount
 .text.prvAddCurrentTaskToDelayedList
                0x000000001a002250       0xcc build/lib/modules/freertos.a(tasks.o)
 .text.xTimerCreateTimerTask
                0x000000001a00231c       0x64 build/lib/modules/freertos.a(timers.o)
                0x000000001a00231c                xTimerCreateTimerTask
 .text.xTimerGenericCommand
                0x000000001a002380       0x9c build/lib/modules/freertos.a(timers.o)
                0x000000001a002380                xTimerGenericCommand
 .text.prvProcessExpiredTimer
                0x000000001a00241c       0x98 build/lib/modules/freertos.a(timers.o)
 .text.prvTimerTask
                0x000000001a0024b4       0x24 build/lib/modules/freertos.a(timers.o)
 .text.prvProcessTimerOrBlockTask
                0x000000001a0024d8       0x9c build/lib/modules/freertos.a(timers.o)
 .text.prvGetNextExpireTime
                0x000000001a002574       0x48 build/lib/modules/freertos.a(timers.o)
 .text.prvSampleTimeNow
                0x000000001a0025bc       0x40 build/lib/modules/freertos.a(timers.o)
 .text.prvInsertTimerInActiveList
                0x000000001a0025fc       0x84 build/lib/modules/freertos.a(timers.o)
 .text.prvProcessReceivedCommands
                0x000000001a002680      0x1c4 build/lib/modules/freertos.a(timers.o)
 .text.prvSwitchTimerLists
                0x000000001a002844       0xc8 build/lib/modules/freertos.a(timers.o)
 .text.prvCheckForValidListAndQueue
                0x000000001a00290c       0x6c build/lib/modules/freertos.a(timers.o)
 .text.pxPortInitialiseStack
                0x000000001a002978       0x68 build/lib/modules/freertos.a(port.o)
                0x000000001a002978                pxPortInitialiseStack
 .text.prvTaskExitError
                0x000000001a0029e0       0x58 build/lib/modules/freertos.a(port.o)
 *fill*         0x000000001a002a38        0x8 
 .text.SVC_Handler
                0x000000001a002a40       0x28 build/lib/modules/freertos.a(port.o)
                0x000000001a002a40                SVC_Handler
 .text.prvPortStartFirstTask
                0x000000001a002a68       0x2c build/lib/modules/freertos.a(port.o)
 .text.xPortStartScheduler
                0x000000001a002a94      0x164 build/lib/modules/freertos.a(port.o)
                0x000000001a002a94                xPortStartScheduler
 .text.vPortEnterCritical
                0x000000001a002bf8       0x60 build/lib/modules/freertos.a(port.o)
                0x000000001a002bf8                vPortEnterCritical
 .text.vPortExitCritical
                0x000000001a002c58       0x54 build/lib/modules/freertos.a(port.o)
                0x000000001a002c58                vPortExitCritical
 *fill*         0x000000001a002cac        0x4 
 .text.PendSV_Handler
                0x000000001a002cb0       0x68 build/lib/modules/freertos.a(port.o)
                0x000000001a002cb0                PendSV_Handler
 .text.SysTick_Handler
                0x000000001a002d18       0x44 build/lib/modules/freertos.a(port.o)
                0x000000001a002d18                SysTick_Handler
 .text.vPortSetupTimerInterrupt
                0x000000001a002d5c       0x48 build/lib/modules/freertos.a(port.o)
                0x000000001a002d5c                vPortSetupTimerInterrupt
 .text.vPortEnableVFP
                0x000000001a002da4       0x18 build/lib/modules/freertos.a(port.o)
 .text.vPortValidateInterruptPriority
                0x000000001a002dbc       0x80 build/lib/modules/freertos.a(port.o)
                0x000000001a002dbc                vPortValidateInterruptPriority
 .text.pvPortMalloc
                0x000000001a002e3c      0x1c0 build/lib/modules/freertos.a(heap_4.o)
                0x000000001a002e3c                pvPortMalloc
 .text.vPortFree
                0x000000001a002ffc       0xc4 build/lib/modules/freertos.a(heap_4.o)
                0x000000001a002ffc                vPortFree
 .text.prvHeapInit
                0x000000001a0030c0       0xc4 build/lib/modules/freertos.a(heap_4.o)
 .text.prvInsertBlockIntoFreeList
                0x000000001a003184       0xb4 build/lib/modules/freertos.a(heap_4.o)
 .text.vListInitialise
                0x000000001a003238       0x40 build/lib/modules/freertos.a(list.o)
                0x000000001a003238                vListInitialise
 .text.vListInitialiseItem
                0x000000001a003278       0x1a build/lib/modules/freertos.a(list.o)
                0x000000001a003278                vListInitialiseItem
 .text.vListInsertEnd
                0x000000001a003292       0x48 build/lib/modules/freertos.a(list.o)
                0x000000001a003292                vListInsertEnd
 .text.vListInsert
                0x000000001a0032da       0x72 build/lib/modules/freertos.a(list.o)
                0x000000001a0032da                vListInsert
 .text.uxListRemove
                0x000000001a00334c       0x54 build/lib/modules/freertos.a(list.o)
                0x000000001a00334c                uxListRemove
 .text.initialise_monitor_handles
                0x000000001a0033a0        0xe build/lib/boards/edu-ciaa-nxp.a(armv7m_startup.o)
                0x000000001a0033a0                initialise_monitor_handles
 .text._fini    0x000000001a0033ae        0xe build/lib/boards/edu-ciaa-nxp.a(armv7m_startup.o)
                0x000000001a0033ae                _fini
 .text._init    0x000000001a0033bc        0xe build/lib/boards/edu-ciaa-nxp.a(armv7m_startup.o)
                0x000000001a0033bc                _init
 *fill*         0x000000001a0033ca        0x2 
 .text.Reset_Handler
                0x000000001a0033cc       0xcc build/lib/boards/edu-ciaa-nxp.a(armv7m_startup.o)
                0x000000001a0033cc                Reset_Handler
 .text.SystemCoreClockUpdate
                0x000000001a003498       0x18 build/lib/boards/edu-ciaa-nxp.a(chip_18xx_43xx.o)
                0x000000001a003498                SystemCoreClockUpdate
 .text.ABS      0x000000001a0034b0       0x22 build/lib/boards/edu-ciaa-nxp.a(clock_18xx_43xx.o)
 *fill*         0x000000001a0034d2        0x2 
 .text.pll_calc_divs
                0x000000001a0034d4      0x124 build/lib/boards/edu-ciaa-nxp.a(clock_18xx_43xx.o)
 .text.pll_get_frac
                0x000000001a0035f8      0x180 build/lib/boards/edu-ciaa-nxp.a(clock_18xx_43xx.o)
 .text.Chip_Clock_GetDivRate
                0x000000001a003778       0x40 build/lib/boards/edu-ciaa-nxp.a(clock_18xx_43xx.o)
 .text.Chip_Clock_FindBaseClock
                0x000000001a0037b8       0x90 build/lib/boards/edu-ciaa-nxp.a(clock_18xx_43xx.o)
 .text.Chip_Clock_EnableCrystal
                0x000000001a003848       0x70 build/lib/boards/edu-ciaa-nxp.a(clock_18xx_43xx.o)
                0x000000001a003848                Chip_Clock_EnableCrystal
 .text.Chip_Clock_CalcMainPLLValue
                0x000000001a0038b8       0xd8 build/lib/boards/edu-ciaa-nxp.a(clock_18xx_43xx.o)
                0x000000001a0038b8                Chip_Clock_CalcMainPLLValue
 .text.Chip_Clock_GetMainPLLHz
                0x000000001a003990       0xbc build/lib/boards/edu-ciaa-nxp.a(clock_18xx_43xx.o)
                0x000000001a003990                Chip_Clock_GetMainPLLHz
 .text.Chip_Clock_GetDividerSource
                0x000000001a003a4c       0x40 build/lib/boards/edu-ciaa-nxp.a(clock_18xx_43xx.o)
                0x000000001a003a4c                Chip_Clock_GetDividerSource
 .text.Chip_Clock_GetDividerDivisor
                0x000000001a003a8c       0x38 build/lib/boards/edu-ciaa-nxp.a(clock_18xx_43xx.o)
                0x000000001a003a8c                Chip_Clock_GetDividerDivisor
 .text.Chip_Clock_GetClockInputHz
                0x000000001a003ac4      0x140 build/lib/boards/edu-ciaa-nxp.a(clock_18xx_43xx.o)
                0x000000001a003ac4                Chip_Clock_GetClockInputHz
 .text.Chip_Clock_GetBaseClocktHz
                0x000000001a003c04       0x24 build/lib/boards/edu-ciaa-nxp.a(clock_18xx_43xx.o)
                0x000000001a003c04                Chip_Clock_GetBaseClocktHz
 .text.Chip_Clock_SetBaseClock
                0x000000001a003c28       0x9c build/lib/boards/edu-ciaa-nxp.a(clock_18xx_43xx.o)
                0x000000001a003c28                Chip_Clock_SetBaseClock
 .text.Chip_Clock_GetBaseClock
                0x000000001a003cc4       0x4c build/lib/boards/edu-ciaa-nxp.a(clock_18xx_43xx.o)
                0x000000001a003cc4                Chip_Clock_GetBaseClock
 .text.Chip_Clock_EnableOpts
                0x000000001a003d10       0x7c build/lib/boards/edu-ciaa-nxp.a(clock_18xx_43xx.o)
                0x000000001a003d10                Chip_Clock_EnableOpts
 .text.Chip_Clock_Enable
                0x000000001a003d8c       0x60 build/lib/boards/edu-ciaa-nxp.a(clock_18xx_43xx.o)
                0x000000001a003d8c                Chip_Clock_Enable
 .text.Chip_Clock_GetRate
                0x000000001a003dec       0x88 build/lib/boards/edu-ciaa-nxp.a(clock_18xx_43xx.o)
                0x000000001a003dec                Chip_Clock_GetRate
 .text.SCB_GetFPUType
                0x000000001a003e74       0x2c build/lib/boards/edu-ciaa-nxp.a(sysinit.o)
 .text.SystemInit
                0x000000001a003ea0       0x38 build/lib/boards/edu-ciaa-nxp.a(sysinit.o)
                0x000000001a003ea0                SystemInit
 .text.Chip_SCU_I2C0PinConfig
                0x000000001a003ed8       0x20 build/lib/boards/edu-ciaa-nxp.a(board_lpcopen.o)
 .text.Chip_GPIO_SetPinState
                0x000000001a003ef8       0x38 build/lib/boards/edu-ciaa-nxp.a(board_lpcopen.o)
 .text.Chip_GPIO_SetPinDIROutput
                0x000000001a003f30       0x3e build/lib/boards/edu-ciaa-nxp.a(board_lpcopen.o)
 .text.Chip_GPIO_SetPinDIRInput
                0x000000001a003f6e       0x40 build/lib/boards/edu-ciaa-nxp.a(board_lpcopen.o)
 .text.Chip_SSP_Enable
                0x000000001a003fae       0x20 build/lib/boards/edu-ciaa-nxp.a(board_lpcopen.o)
 .text.Chip_SSP_SetFormat
                0x000000001a003fce       0x32 build/lib/boards/edu-ciaa-nxp.a(board_lpcopen.o)
 .text.Chip_SSP_Set_Mode
                0x000000001a004000       0x26 build/lib/boards/edu-ciaa-nxp.a(board_lpcopen.o)
 .text.Chip_UART_TXEnable
                0x000000001a004026       0x1a build/lib/boards/edu-ciaa-nxp.a(board_lpcopen.o)
 .text.Chip_UART_ConfigData
                0x000000001a004040       0x1c build/lib/boards/edu-ciaa-nxp.a(board_lpcopen.o)
 .text.Board_LED_Init
                0x000000001a00405c       0x54 build/lib/boards/edu-ciaa-nxp.a(board_lpcopen.o)
 .text.Board_TEC_Init
                0x000000001a0040b0       0x44 build/lib/boards/edu-ciaa-nxp.a(board_lpcopen.o)
 .text.Board_GPIO_Init
                0x000000001a0040f4       0x44 build/lib/boards/edu-ciaa-nxp.a(board_lpcopen.o)
 .text.Board_I2C_Init
                0x000000001a004138       0x24 build/lib/boards/edu-ciaa-nxp.a(board_lpcopen.o)
 .text.Board_SPI_Init
                0x000000001a00415c       0x38 build/lib/boards/edu-ciaa-nxp.a(board_lpcopen.o)
 .text.Board_ADC_Init
                0x000000001a004194       0x38 build/lib/boards/edu-ciaa-nxp.a(board_lpcopen.o)
 .text.Board_Debug_Init
                0x000000001a0041cc       0x2c build/lib/boards/edu-ciaa-nxp.a(board_lpcopen.o)
                0x000000001a0041cc                Board_Debug_Init
 .text.Board_Init
                0x000000001a0041f8       0x30 build/lib/boards/edu-ciaa-nxp.a(board_lpcopen.o)
                0x000000001a0041f8                Board_Init
 .text.Chip_SCU_PinMuxSet
                0x000000001a004228       0x34 build/lib/boards/edu-ciaa-nxp.a(board_sysinit.o)
 .text.Chip_SCU_SetPinMuxing
                0x000000001a00425c       0x4c build/lib/boards/edu-ciaa-nxp.a(board_sysinit.o)
 .text.Chip_CREG_SetFlashAcceleration
                0x000000001a0042a8       0x54 build/lib/boards/edu-ciaa-nxp.a(board_sysinit.o)
 .text.Board_SetupMuxing
                0x000000001a0042fc       0x14 build/lib/boards/edu-ciaa-nxp.a(board_sysinit.o)
                0x000000001a0042fc                Board_SetupMuxing
 .text.Board_SetupClocking
                0x000000001a004310       0x74 build/lib/boards/edu-ciaa-nxp.a(board_sysinit.o)
                0x000000001a004310                Board_SetupClocking
 .text.Board_SystemInit
                0x000000001a004384       0x14 build/lib/boards/edu-ciaa-nxp.a(board_sysinit.o)
                0x000000001a004384                Board_SystemInit
 .text.getFullConvClk
                0x000000001a004398       0x10 build/lib/boards/edu-ciaa-nxp.a(adc_18xx_43xx.o)
 .text.Chip_ADC_GetClockIndex
                0x000000001a0043a8       0x2c build/lib/boards/edu-ciaa-nxp.a(adc_18xx_43xx.o)
 .text.getClkDiv
                0x000000001a0043d4       0x66 build/lib/boards/edu-ciaa-nxp.a(adc_18xx_43xx.o)
 *fill*         0x000000001a00443a        0x2 
 .text.Chip_ADC_Init
                0x000000001a00443c       0x88 build/lib/boards/edu-ciaa-nxp.a(adc_18xx_43xx.o)
                0x000000001a00443c                Chip_ADC_Init
 .text.Chip_ADC_SetSampleRate
                0x000000001a0044c4       0x64 build/lib/boards/edu-ciaa-nxp.a(adc_18xx_43xx.o)
                0x000000001a0044c4                Chip_ADC_SetSampleRate
 .text.Chip_ADC_SetResolution
                0x000000001a004528       0x2a build/lib/boards/edu-ciaa-nxp.a(adc_18xx_43xx.o)
                0x000000001a004528                Chip_ADC_SetResolution
 .text.Chip_GPIO_Init
                0x000000001a004552       0x14 build/lib/boards/edu-ciaa-nxp.a(gpio_18xx_43xx.o)
                0x000000001a004552                Chip_GPIO_Init
 *fill*         0x000000001a004566        0x2 
 .text.enableClk
                0x000000001a004568       0x30 build/lib/boards/edu-ciaa-nxp.a(i2c_18xx_43xx.o)
 .text.getClkRate
                0x000000001a004598       0x30 build/lib/boards/edu-ciaa-nxp.a(i2c_18xx_43xx.o)
 .text.Chip_I2C_EventHandler
                0x000000001a0045c8       0x4c build/lib/boards/edu-ciaa-nxp.a(i2c_18xx_43xx.o)
                0x000000001a0045c8                Chip_I2C_EventHandler
 .text.Chip_I2C_Init
                0x000000001a004614       0x34 build/lib/boards/edu-ciaa-nxp.a(i2c_18xx_43xx.o)
                0x000000001a004614                Chip_I2C_Init
 .text.Chip_I2C_SetClockRate
                0x000000001a004648       0x68 build/lib/boards/edu-ciaa-nxp.a(i2c_18xx_43xx.o)
                0x000000001a004648                Chip_I2C_SetClockRate
 .text.Chip_SSP_SetFormat
                0x000000001a0046b0       0x32 build/lib/boards/edu-ciaa-nxp.a(ssp_18xx_43xx.o)
 .text.Chip_SSP_Set_Mode
                0x000000001a0046e2       0x26 build/lib/boards/edu-ciaa-nxp.a(ssp_18xx_43xx.o)
 .text.Chip_SSP_GetClockIndex
                0x000000001a004708       0x2c build/lib/boards/edu-ciaa-nxp.a(ssp_18xx_43xx.o)
 .text.Chip_SSP_GetPeriphClockIndex
                0x000000001a004734       0x30 build/lib/boards/edu-ciaa-nxp.a(ssp_18xx_43xx.o)
 .text.Chip_SSP_SetClockRate
                0x000000001a004764       0x36 build/lib/boards/edu-ciaa-nxp.a(ssp_18xx_43xx.o)
                0x000000001a004764                Chip_SSP_SetClockRate
 .text.Chip_SSP_SetBitRate
                0x000000001a00479a       0x74 build/lib/boards/edu-ciaa-nxp.a(ssp_18xx_43xx.o)
                0x000000001a00479a                Chip_SSP_SetBitRate
 *fill*         0x000000001a00480e        0x2 
 .text.Chip_SSP_Init
                0x000000001a004810       0x4c build/lib/boards/edu-ciaa-nxp.a(ssp_18xx_43xx.o)
                0x000000001a004810                Chip_SSP_Init
 .text.Chip_Clock_DisableMainPLL
                0x000000001a00485c       0x20 build/lib/boards/edu-ciaa-nxp.a(sysinit_18xx_43xx.o)
 .text.Chip_Clock_SetupMainPLL
                0x000000001a00487c       0x48 build/lib/boards/edu-ciaa-nxp.a(sysinit_18xx_43xx.o)
 .text.Chip_Clock_MainPLLLocked
                0x000000001a0048c4       0x24 build/lib/boards/edu-ciaa-nxp.a(sysinit_18xx_43xx.o)
 .text.Chip_SetupCoreClock
                0x000000001a0048e8      0x148 build/lib/boards/edu-ciaa-nxp.a(sysinit_18xx_43xx.o)
                0x000000001a0048e8                Chip_SetupCoreClock
 .text.Chip_UART_TXDisable
                0x000000001a004a30       0x1a build/lib/boards/edu-ciaa-nxp.a(uart_18xx_43xx.o)
 .text.Chip_UART_SetupFIFOS
                0x000000001a004a4a       0x1c build/lib/boards/edu-ciaa-nxp.a(uart_18xx_43xx.o)
 .text.Chip_UART_ConfigData
                0x000000001a004a66       0x1c build/lib/boards/edu-ciaa-nxp.a(uart_18xx_43xx.o)
 .text.Chip_UART_EnableDivisorAccess
                0x000000001a004a82       0x20 build/lib/boards/edu-ciaa-nxp.a(uart_18xx_43xx.o)
 .text.Chip_UART_DisableDivisorAccess
                0x000000001a004aa2       0x20 build/lib/boards/edu-ciaa-nxp.a(uart_18xx_43xx.o)
 .text.Chip_UART_SetDivisorLatches
                0x000000001a004ac2       0x28 build/lib/boards/edu-ciaa-nxp.a(uart_18xx_43xx.o)
 *fill*         0x000000001a004aea        0x2 
 .text.Chip_UART_GetIndex
                0x000000001a004aec       0x6c build/lib/boards/edu-ciaa-nxp.a(uart_18xx_43xx.o)
 .text.Chip_UART_Init
                0x000000001a004b58       0x88 build/lib/boards/edu-ciaa-nxp.a(uart_18xx_43xx.o)
                0x000000001a004b58                Chip_UART_Init
 .text.Chip_UART_SetBaudFDR
                0x000000001a004be0      0x180 build/lib/boards/edu-ciaa-nxp.a(uart_18xx_43xx.o)
                0x000000001a004be0                Chip_UART_SetBaudFDR
 .text          0x000000001a004d60       0x30 /home/pablo/eiti/2022/embebidos/gcc/gcc-arm/bin/../lib/gcc/arm-none-eabi/10.3.1/thumb/v7e-m+fp/softfp/libgcc.a(_aeabi_uldivmod.o)
                0x000000001a004d60                __aeabi_uldivmod
 .text          0x000000001a004d90      0x2d0 /home/pablo/eiti/2022/embebidos/gcc/gcc-arm/bin/../lib/gcc/arm-none-eabi/10.3.1/thumb/v7e-m+fp/softfp/libgcc.a(_udivmoddi4.o)
                0x000000001a004d90                __udivmoddi4
 .text          0x000000001a005060        0x4 /home/pablo/eiti/2022/embebidos/gcc/gcc-arm/bin/../lib/gcc/arm-none-eabi/10.3.1/thumb/v7e-m+fp/softfp/libgcc.a(_dvmd_tls.o)
                0x000000001a005060                __aeabi_ldiv0
                0x000000001a005060                __aeabi_idiv0
 .text.__libc_init_array
                0x000000001a005064       0x48 /home/pablo/eiti/2022/embebidos/gcc/gcc-arm/bin/../lib/gcc/arm-none-eabi/10.3.1/../../../../arm-none-eabi/lib/thumb/v7e-m+fp/softfp/libc_nano.a(lib_a-init.o)
                0x000000001a005064                __libc_init_array
 .text.memcpy   0x000000001a0050ac       0x1c /home/pablo/eiti/2022/embebidos/gcc/gcc-arm/bin/../lib/gcc/arm-none-eabi/10.3.1/../../../../arm-none-eabi/lib/thumb/v7e-m+fp/softfp/libc_nano.a(lib_a-memcpy-stub.o)
                0x000000001a0050ac                memcpy
 .text.memset   0x000000001a0050c8       0x10 /home/pablo/eiti/2022/embebidos/gcc/gcc-arm/bin/../lib/gcc/arm-none-eabi/10.3.1/../../../../arm-none-eabi/lib/thumb/v7e-m+fp/softfp/libc_nano.a(lib_a-memset.o)
                0x000000001a0050c8                memset
 *(.rodata .rodata.* .constdata .constdata.*)
 .rodata        0x000000001a0050d8        0xd build/obj/src/main.o
 *fill*         0x000000001a0050e5        0x3 
 .rodata        0x000000001a0050e8        0x5 build/lib/modules/freertos.a(tasks.o)
 *fill*         0x000000001a0050ed        0x3 
 .rodata        0x000000001a0050f0        0xd build/lib/modules/freertos.a(timers.o)
 *fill*         0x000000001a0050fd        0x3 
 .rodata.periph_to_base
                0x000000001a005100       0x6c build/lib/boards/edu-ciaa-nxp.a(clock_18xx_43xx.o)
 .rodata        0x000000001a00516c        0x6 build/lib/boards/edu-ciaa-nxp.a(clock_18xx_43xx.o)
 *fill*         0x000000001a005172        0x2 
 .rodata.ExtRateIn
                0x000000001a005174        0x4 build/lib/boards/edu-ciaa-nxp.a(board_lpcopen.o)
                0x000000001a005174                ExtRateIn
 .rodata.OscRateIn
                0x000000001a005178        0x4 build/lib/boards/edu-ciaa-nxp.a(board_lpcopen.o)
                0x000000001a005178                OscRateIn
 .rodata.GpioLeds
                0x000000001a00517c        0xc build/lib/boards/edu-ciaa-nxp.a(board_lpcopen.o)
 .rodata.GpioButtons
                0x000000001a005188        0x8 build/lib/boards/edu-ciaa-nxp.a(board_lpcopen.o)
 .rodata.GpioPorts
                0x000000001a005190       0x12 build/lib/boards/edu-ciaa-nxp.a(board_lpcopen.o)
 *fill*         0x000000001a0051a2        0x2 
 .rodata.InitClkStates
                0x000000001a0051a4        0x4 build/lib/boards/edu-ciaa-nxp.a(board_sysinit.o)
 .rodata.pinmuxing
                0x000000001a0051a8       0x74 build/lib/boards/edu-ciaa-nxp.a(board_sysinit.o)
 .rodata.InitClkStates
                0x000000001a00521c       0x48 build/lib/boards/edu-ciaa-nxp.a(sysinit_18xx_43xx.o)
 .rodata.UART_PClock
                0x000000001a005264        0x8 build/lib/boards/edu-ciaa-nxp.a(uart_18xx_43xx.o)
 .rodata.UART_BClock
                0x000000001a00526c        0x8 build/lib/boards/edu-ciaa-nxp.a(uart_18xx_43xx.o)
                0x000000001a005274                . = ALIGN (0x4)

.ARM.extab
 *(.ARM.extab* .gnu.linkonce.armextab.*)
                0x000000001a005274                __exidx_start = .

.ARM.exidx      0x000000001a005274        0x8
 *(.ARM.exidx* .gnu.linkonce.armexidx.*)
 .ARM.exidx     0x000000001a005274        0x8 /home/pablo/eiti/2022/embebidos/gcc/gcc-arm/bin/../lib/gcc/arm-none-eabi/10.3.1/thumb/v7e-m+fp/softfp/libgcc.a(_udivmoddi4.o)
                0x000000001a00527c                __exidx_end = .
                0x000000001a00527c                _etext = .

.rel.dyn        0x000000001a00527c        0x0
 .rel.iplt      0x000000001a00527c        0x0 build/obj/src/bsp.o

.data_RAM2      0x0000000010080000     0xa000 load address 0x000000001a00527c
 FILL mask 0xff
 *(.ramfunc.$RAM2)
 *(.ramfunc.$RamLoc40)
 *(.data.$RAM2*)
 .data.$RAM2    0x0000000010080000     0xa000 build/lib/boards/edu-ciaa-nxp.a(board.o)
                0x0000000010080000                ucHeap
 *(.data.$RamLoc40*)
                0x000000001008a000                . = ALIGN (0x4)

.data_RAM3      0x0000000020000000        0x0 load address 0x000000001a00f27c
 FILL mask 0xff
 *(.ramfunc.$RAM3)
 *(.ramfunc.$RamAHB32)
 *(.data.$RAM3*)
 *(.data.$RamAHB32*)
                0x0000000020000000                . = ALIGN (0x4)

.data_RAM4      0x0000000020008000        0x0 load address 0x000000001a00f27c
 FILL mask 0xff
 *(.ramfunc.$RAM4)
 *(.ramfunc.$RamAHB16)
 *(.data.$RAM4*)
 *(.data.$RamAHB16*)
                0x0000000020008000                . = ALIGN (0x4)

.data_RAM5      0x000000002000c000        0x0 load address 0x000000001a00f27c
 FILL mask 0xff
 *(.ramfunc.$RAM5)
 *(.ramfunc.$RamAHB_ETB16)
 *(.data.$RAM5*)
 *(.data.$RamAHB_ETB16*)
                0x000000002000c000                . = ALIGN (0x4)

.uninit_RESERVED
                0x0000000010000000        0x0
 *(.bss.$RESERVED*)
                0x0000000010000000                . = ALIGN (0x4)
                0x0000000010000000                _end_uninit_RESERVED = .

.data           0x0000000010000000       0x40 load address 0x000000001a00f27c
 FILL mask 0xff
                0x0000000010000000                _data = .
 *(vtable)
 *(.ramfunc*)
 *(.data*)
 .data.uxTopUsedPriority
                0x0000000010000000        0x4 build/lib/modules/freertos.a(tasks.o)
                0x0000000010000000                uxTopUsedPriority
 .data.uxCriticalNesting
                0x0000000010000004        0x4 build/lib/modules/freertos.a(port.o)
 .data.i2c      0x0000000010000008       0x38 build/lib/boards/edu-ciaa-nxp.a(i2c_18xx_43xx.o)
                0x0000000010000040                . = ALIGN (0x4)
                0x0000000010000040                _edata = .

.igot.plt       0x0000000010000040        0x0 load address 0x000000001a00f2bc
 .igot.plt      0x0000000010000040        0x0 build/obj/src/bsp.o

.bss_RAM2       0x000000001008a000        0x0
 *(.bss.$RAM2*)
 *(.bss.$RamLoc40*)
                0x000000001008a000                . = ALIGN (0x4)

.bss_RAM3       0x0000000020000000        0x0
 *(.bss.$RAM3*)
 *(.bss.$RamAHB32*)
                0x0000000020000000                . = ALIGN (0x4)

.bss_RAM4       0x0000000020008000        0x0
 *(.bss.$RAM4*)
 *(.bss.$RamAHB16*)
                0x0000000020008000                . = ALIGN (0x4)

.bss_RAM5       0x000000002000c000        0x0
 *(.bss.$RAM5*)
 *(.bss.$RamAHB_ETB16*)
                0x000000002000c000                . = ALIGN (0x4)

.bss            0x0000000010000040      0x234
                0x0000000010000040                _bss = .
 *(.bss*)
 .bss.board     0x0000000010000040       0x20 build/obj/src/bsp.o
 .bss.instances.1
                0x0000000010000060       0x14 build/obj/src/digital.o
 .bss.instances.0
                0x0000000010000074        0xc build/obj/src/digital.o
 .bss.board     0x0000000010000080        0x4 build/obj/src/main.o
 .bss.mutex     0x0000000010000084        0x4 build/obj/src/main.o
 .bss.parametros.0
                0x0000000010000088       0x10 build/obj/src/main.o
 .bss.xQueueRegistry
                0x0000000010000098       0x40 build/lib/modules/freertos.a(queue.o)
                0x0000000010000098                xQueueRegistry
 .bss.pxCurrentTCB
                0x00000000100000d8        0x4 build/lib/modules/freertos.a(tasks.o)
                0x00000000100000d8                pxCurrentTCB
 .bss.pxReadyTasksLists
                0x00000000100000dc       0x8c build/lib/modules/freertos.a(tasks.o)
 .bss.xDelayedTaskList1
                0x0000000010000168       0x14 build/lib/modules/freertos.a(tasks.o)
 .bss.xDelayedTaskList2
                0x000000001000017c       0x14 build/lib/modules/freertos.a(tasks.o)
 .bss.pxDelayedTaskList
                0x0000000010000190        0x4 build/lib/modules/freertos.a(tasks.o)
 .bss.pxOverflowDelayedTaskList
                0x0000000010000194        0x4 build/lib/modules/freertos.a(tasks.o)
 .bss.xPendingReadyList
                0x0000000010000198       0x14 build/lib/modules/freertos.a(tasks.o)
 .bss.xTasksWaitingTermination
                0x00000000100001ac       0x14 build/lib/modules/freertos.a(tasks.o)
 .bss.uxDeletedTasksWaitingCleanUp
                0x00000000100001c0        0x4 build/lib/modules/freertos.a(tasks.o)
 .bss.xSuspendedTaskList
                0x00000000100001c4       0x14 build/lib/modules/freertos.a(tasks.o)
 .bss.uxCurrentNumberOfTasks
                0x00000000100001d8        0x4 build/lib/modules/freertos.a(tasks.o)
 .bss.xTickCount
                0x00000000100001dc        0x4 build/lib/modules/freertos.a(tasks.o)
 .bss.uxTopReadyPriority
                0x00000000100001e0        0x4 build/lib/modules/freertos.a(tasks.o)
 .bss.xSchedulerRunning
                0x00000000100001e4        0x4 build/lib/modules/freertos.a(tasks.o)
 .bss.xPendedTicks
                0x00000000100001e8        0x4 build/lib/modules/freertos.a(tasks.o)
 .bss.xYieldPending
                0x00000000100001ec        0x4 build/lib/modules/freertos.a(tasks.o)
 .bss.xNumOfOverflows
                0x00000000100001f0        0x4 build/lib/modules/freertos.a(tasks.o)
 .bss.uxTaskNumber
                0x00000000100001f4        0x4 build/lib/modules/freertos.a(tasks.o)
 .bss.xNextTaskUnblockTime
                0x00000000100001f8        0x4 build/lib/modules/freertos.a(tasks.o)
 .bss.xIdleTaskHandle
                0x00000000100001fc        0x4 build/lib/modules/freertos.a(tasks.o)
 .bss.uxSchedulerSuspended
                0x0000000010000200        0x4 build/lib/modules/freertos.a(tasks.o)
 .bss.xActiveTimerList1
                0x0000000010000204       0x14 build/lib/modules/freertos.a(timers.o)
 .bss.xActiveTimerList2
                0x0000000010000218       0x14 build/lib/modules/freertos.a(timers.o)
 .bss.pxCurrentTimerList
                0x000000001000022c        0x4 build/lib/modules/freertos.a(timers.o)
 .bss.pxOverflowTimerList
                0x0000000010000230        0x4 build/lib/modules/freertos.a(timers.o)
 .bss.xTimerQueue
                0x0000000010000234        0x4 build/lib/modules/freertos.a(timers.o)
 .bss.xTimerTaskHandle
                0x0000000010000238        0x4 build/lib/modules/freertos.a(timers.o)
 .bss.xLastTime.0
                0x000000001000023c        0x4 build/lib/modules/freertos.a(timers.o)
 .bss.ucMaxSysCallPriority
                0x0000000010000240        0x1 build/lib/modules/freertos.a(port.o)
 *fill*         0x0000000010000241        0x3 
 .bss.ulMaxPRIGROUPValue
                0x0000000010000244        0x4 build/lib/modules/freertos.a(port.o)
 .bss.xStart    0x0000000010000248        0x8 build/lib/modules/freertos.a(heap_4.o)
 .bss.pxEnd     0x0000000010000250        0x4 build/lib/modules/freertos.a(heap_4.o)
 .bss.xFreeBytesRemaining
                0x0000000010000254        0x4 build/lib/modules/freertos.a(heap_4.o)
 .bss.xMinimumEverFreeBytesRemaining
                0x0000000010000258        0x4 build/lib/modules/freertos.a(heap_4.o)
 .bss.xNumberOfSuccessfulAllocations
                0x000000001000025c        0x4 build/lib/modules/freertos.a(heap_4.o)
 .bss.xNumberOfSuccessfulFrees
                0x0000000010000260        0x4 build/lib/modules/freertos.a(heap_4.o)
 .bss.xBlockAllocatedBit
                0x0000000010000264        0x4 build/lib/modules/freertos.a(heap_4.o)
 .bss.SystemCoreClock
                0x0000000010000268        0x4 build/lib/boards/edu-ciaa-nxp.a(chip_18xx_43xx.o)
                0x0000000010000268                SystemCoreClock
 .bss.audio_usb_pll_freq
                0x000000001000026c        0x8 build/lib/boards/edu-ciaa-nxp.a(clock_18xx_43xx.o)
 *(COMMON)
                0x0000000010000274                . = ALIGN (0x4)
                0x0000000010000274                _ebss = .
                [!provide]                        PROVIDE (end = .)

.noinit_RAM2    0x000000001008a000        0x0
 *(.noinit.$RAM2*)
 *(.noinit.$RamLoc40*)
                0x000000001008a000                . = ALIGN (0x4)

.noinit_RAM3    0x0000000020000000        0x0
 *(.noinit.$RAM3*)
 *(.noinit.$RamAHB32*)
                0x0000000020000000                . = ALIGN (0x4)

.noinit_RAM4    0x0000000020008000        0x0
 *(.noinit.$RAM4*)
 *(.noinit.$RamAHB16*)
                0x0000000020008000                . = ALIGN (0x4)

.noinit_RAM5    0x000000002000c000        0x0
 *(.noinit.$RAM5*)
 *(.noinit.$RamAHB_ETB16*)
                0x000000002000c000                . = ALIGN (0x4)

.noinit         0x0000000010000274        0x0
                0x0000000010000274                _noinit = .
 *(.noinit*)
                0x0000000010000274                . = ALIGN (0x4)
                0x0000000010000274                _end_noinit = .
                [!provide]                        PROVIDE (_pvHeapStart = .)
                0x0000000010008000                PROVIDE (_vStackTop = (__top_RamLoc32 - 0x0))
                0xffffffff53ff463e                PROVIDE (__valid_user_code_checksum = (0x0 - ((((((_vStackTop + (Reset_Handler + 0x1)) + (NMI_Handler + 0x1)) + (HardFault_Handler + 0x1)) + (DEFINED (MemManage_Handler)?MemManage_Handler:0x0 + 0x1)) + (DEFINED (BusFault_Handler)?BusFault_Handler:0x0 + 0x1)) + (DEFINED (UsageFault_Handler)?UsageFault_Handler:0x0 + 0x1))))
OUTPUT(build/bin/tp9.elf elf32-littlearm)
LOAD linker stubs

.debug_info     0x0000000000000000    0x11bd0
 .debug_info    0x0000000000000000      0xfab build/obj/src/bsp.o
 .debug_info    0x0000000000000fab      0x6d8 build/obj/src/digital.o
 .debug_info    0x0000000000001683      0x74d build/obj/src/main.o
 .debug_info    0x0000000000001dd0     0x1c97 build/lib/modules/freertos.a(queue.o)
 .debug_info    0x0000000000003a67     0x26d4 build/lib/modules/freertos.a(tasks.o)
 .debug_info    0x000000000000613b     0x135e build/lib/modules/freertos.a(timers.o)
 .debug_info    0x0000000000007499      0x9cb build/lib/modules/freertos.a(port.o)
 .debug_info    0x0000000000007e64      0x98f build/lib/modules/freertos.a(heap_4.o)
 .debug_info    0x00000000000087f3      0x2d8 build/lib/modules/freertos.a(list.o)
 .debug_info    0x0000000000008acb      0x603 build/lib/boards/edu-ciaa-nxp.a(board.o)
 .debug_info    0x00000000000090ce      0x2b5 build/lib/boards/edu-ciaa-nxp.a(armv7m_startup.o)
 .debug_info    0x0000000000009383      0xa65 build/lib/boards/edu-ciaa-nxp.a(chip_18xx_43xx.o)
 .debug_info    0x0000000000009de8     0x1678 build/lib/boards/edu-ciaa-nxp.a(clock_18xx_43xx.o)
 .debug_info    0x000000000000b460      0x33e build/lib/boards/edu-ciaa-nxp.a(sysinit.o)
 .debug_info    0x000000000000b79e     0x14c8 build/lib/boards/edu-ciaa-nxp.a(board_lpcopen.o)
 .debug_info    0x000000000000cc66      0xbce build/lib/boards/edu-ciaa-nxp.a(board_sysinit.o)
 .debug_info    0x000000000000d834      0x9c1 build/lib/boards/edu-ciaa-nxp.a(adc_18xx_43xx.o)
 .debug_info    0x000000000000e1f5      0x1e1 build/lib/boards/edu-ciaa-nxp.a(gpio_18xx_43xx.o)
 .debug_info    0x000000000000e3d6     0x10f4 build/lib/boards/edu-ciaa-nxp.a(i2c_18xx_43xx.o)
 .debug_info    0x000000000000f4ca      0xc7d build/lib/boards/edu-ciaa-nxp.a(ssp_18xx_43xx.o)
 .debug_info    0x0000000000010147      0x921 build/lib/boards/edu-ciaa-nxp.a(sysinit_18xx_43xx.o)
 .debug_info    0x0000000000010a68     0x1168 build/lib/boards/edu-ciaa-nxp.a(uart_18xx_43xx.o)

.debug_abbrev   0x0000000000000000     0x2c72
 .debug_abbrev  0x0000000000000000      0x286 build/obj/src/bsp.o
 .debug_abbrev  0x0000000000000286      0x1fa build/obj/src/digital.o
 .debug_abbrev  0x0000000000000480      0x12e build/obj/src/main.o
 .debug_abbrev  0x00000000000005ae      0x2b2 build/lib/modules/freertos.a(queue.o)
 .debug_abbrev  0x0000000000000860      0x2f5 build/lib/modules/freertos.a(tasks.o)
 .debug_abbrev  0x0000000000000b55      0x285 build/lib/modules/freertos.a(timers.o)
 .debug_abbrev  0x0000000000000dda      0x26b build/lib/modules/freertos.a(port.o)
 .debug_abbrev  0x0000000000001045      0x224 build/lib/modules/freertos.a(heap_4.o)
 .debug_abbrev  0x0000000000001269       0xf2 build/lib/modules/freertos.a(list.o)
 .debug_abbrev  0x000000000000135b       0xfc build/lib/boards/edu-ciaa-nxp.a(board.o)
 .debug_abbrev  0x0000000000001457       0xfd build/lib/boards/edu-ciaa-nxp.a(armv7m_startup.o)
 .debug_abbrev  0x0000000000001554      0x173 build/lib/boards/edu-ciaa-nxp.a(chip_18xx_43xx.o)
 .debug_abbrev  0x00000000000016c7      0x2fc build/lib/boards/edu-ciaa-nxp.a(clock_18xx_43xx.o)
 .debug_abbrev  0x00000000000019c3       0xfd build/lib/boards/edu-ciaa-nxp.a(sysinit.o)
 .debug_abbrev  0x0000000000001ac0      0x394 build/lib/boards/edu-ciaa-nxp.a(board_lpcopen.o)
 .debug_abbrev  0x0000000000001e54      0x1d0 build/lib/boards/edu-ciaa-nxp.a(board_sysinit.o)
 .debug_abbrev  0x0000000000002024      0x1d2 build/lib/boards/edu-ciaa-nxp.a(adc_18xx_43xx.o)
 .debug_abbrev  0x00000000000021f6       0xe7 build/lib/boards/edu-ciaa-nxp.a(gpio_18xx_43xx.o)
 .debug_abbrev  0x00000000000022dd      0x298 build/lib/boards/edu-ciaa-nxp.a(i2c_18xx_43xx.o)
 .debug_abbrev  0x0000000000002575      0x262 build/lib/boards/edu-ciaa-nxp.a(ssp_18xx_43xx.o)
 .debug_abbrev  0x00000000000027d7      0x196 build/lib/boards/edu-ciaa-nxp.a(sysinit_18xx_43xx.o)
 .debug_abbrev  0x000000000000296d      0x305 build/lib/boards/edu-ciaa-nxp.a(uart_18xx_43xx.o)

.debug_aranges  0x0000000000000000      0xe68
 .debug_aranges
                0x0000000000000000       0x60 build/obj/src/bsp.o
 .debug_aranges
                0x0000000000000060       0xa0 build/obj/src/digital.o
 .debug_aranges
                0x0000000000000100       0x28 build/obj/src/main.o
 .debug_aranges
                0x0000000000000128      0x140 build/lib/modules/freertos.a(queue.o)
 .debug_aranges
                0x0000000000000268      0x208 build/lib/modules/freertos.a(tasks.o)
 .debug_aranges
                0x0000000000000470       0xe8 build/lib/modules/freertos.a(timers.o)
 .debug_aranges
                0x0000000000000558       0x80 build/lib/modules/freertos.a(port.o)
 .debug_aranges
                0x00000000000005d8       0x58 build/lib/modules/freertos.a(heap_4.o)
 .debug_aranges
                0x0000000000000630       0x40 build/lib/modules/freertos.a(list.o)
 .debug_aranges
                0x0000000000000670       0x28 build/lib/boards/edu-ciaa-nxp.a(board.o)
 .debug_aranges
                0x0000000000000698       0x90 build/lib/boards/edu-ciaa-nxp.a(armv7m_startup.o)
 .debug_aranges
                0x0000000000000728       0x40 build/lib/boards/edu-ciaa-nxp.a(chip_18xx_43xx.o)
 .debug_aranges
                0x0000000000000768      0x138 build/lib/boards/edu-ciaa-nxp.a(clock_18xx_43xx.o)
 .debug_aranges
                0x00000000000008a0       0x28 build/lib/boards/edu-ciaa-nxp.a(sysinit.o)
 .debug_aranges
                0x00000000000008c8      0x130 build/lib/boards/edu-ciaa-nxp.a(board_lpcopen.o)
 .debug_aranges
                0x00000000000009f8       0x48 build/lib/boards/edu-ciaa-nxp.a(board_sysinit.o)
 .debug_aranges
                0x0000000000000a40       0x98 build/lib/boards/edu-ciaa-nxp.a(adc_18xx_43xx.o)
 .debug_aranges
                0x0000000000000ad8       0x28 build/lib/boards/edu-ciaa-nxp.a(gpio_18xx_43xx.o)
 .debug_aranges
                0x0000000000000b00      0x118 build/lib/boards/edu-ciaa-nxp.a(i2c_18xx_43xx.o)
 .debug_aranges
                0x0000000000000c18       0xe8 build/lib/boards/edu-ciaa-nxp.a(ssp_18xx_43xx.o)
 .debug_aranges
                0x0000000000000d00       0x50 build/lib/boards/edu-ciaa-nxp.a(sysinit_18xx_43xx.o)
 .debug_aranges
                0x0000000000000d50      0x118 build/lib/boards/edu-ciaa-nxp.a(uart_18xx_43xx.o)

.debug_ranges   0x0000000000000000      0xd38
 .debug_ranges  0x0000000000000000       0x50 build/obj/src/bsp.o
 .debug_ranges  0x0000000000000050       0x90 build/obj/src/digital.o
 .debug_ranges  0x00000000000000e0       0x18 build/obj/src/main.o
 .debug_ranges  0x00000000000000f8      0x130 build/lib/modules/freertos.a(queue.o)
 .debug_ranges  0x0000000000000228      0x1f8 build/lib/modules/freertos.a(tasks.o)
 .debug_ranges  0x0000000000000420       0xd8 build/lib/modules/freertos.a(timers.o)
 .debug_ranges  0x00000000000004f8       0x70 build/lib/modules/freertos.a(port.o)
 .debug_ranges  0x0000000000000568       0x48 build/lib/modules/freertos.a(heap_4.o)
 .debug_ranges  0x00000000000005b0       0x30 build/lib/modules/freertos.a(list.o)
 .debug_ranges  0x00000000000005e0       0x18 build/lib/boards/edu-ciaa-nxp.a(board.o)
 .debug_ranges  0x00000000000005f8       0x80 build/lib/boards/edu-ciaa-nxp.a(armv7m_startup.o)
 .debug_ranges  0x0000000000000678       0x30 build/lib/boards/edu-ciaa-nxp.a(chip_18xx_43xx.o)
 .debug_ranges  0x00000000000006a8      0x140 build/lib/boards/edu-ciaa-nxp.a(clock_18xx_43xx.o)
 .debug_ranges  0x00000000000007e8       0x18 build/lib/boards/edu-ciaa-nxp.a(sysinit.o)
 .debug_ranges  0x0000000000000800      0x120 build/lib/boards/edu-ciaa-nxp.a(board_lpcopen.o)
 .debug_ranges  0x0000000000000920       0x38 build/lib/boards/edu-ciaa-nxp.a(board_sysinit.o)
 .debug_ranges  0x0000000000000958       0x88 build/lib/boards/edu-ciaa-nxp.a(adc_18xx_43xx.o)
 .debug_ranges  0x00000000000009e0       0x18 build/lib/boards/edu-ciaa-nxp.a(gpio_18xx_43xx.o)
 .debug_ranges  0x00000000000009f8      0x108 build/lib/boards/edu-ciaa-nxp.a(i2c_18xx_43xx.o)
 .debug_ranges  0x0000000000000b00       0xd8 build/lib/boards/edu-ciaa-nxp.a(ssp_18xx_43xx.o)
 .debug_ranges  0x0000000000000bd8       0x40 build/lib/boards/edu-ciaa-nxp.a(sysinit_18xx_43xx.o)
 .debug_ranges  0x0000000000000c18      0x120 build/lib/boards/edu-ciaa-nxp.a(uart_18xx_43xx.o)

.debug_macro    0x0000000000000000     0xc49b
 .debug_macro   0x0000000000000000      0x332 build/obj/src/bsp.o
 .debug_macro   0x0000000000000332      0xa9c build/obj/src/bsp.o
 .debug_macro   0x0000000000000dce       0x22 build/obj/src/bsp.o
 .debug_macro   0x0000000000000df0       0x22 build/obj/src/bsp.o
 .debug_macro   0x0000000000000e12       0x8e build/obj/src/bsp.o
 .debug_macro   0x0000000000000ea0       0x51 build/obj/src/bsp.o
 .debug_macro   0x0000000000000ef1      0x103 build/obj/src/bsp.o
 .debug_macro   0x0000000000000ff4       0x6a build/obj/src/bsp.o
 .debug_macro   0x000000000000105e      0x1df build/obj/src/bsp.o
 .debug_macro   0x000000000000123d       0x10 build/obj/src/bsp.o
 .debug_macro   0x000000000000124d       0x79 build/obj/src/bsp.o
 .debug_macro   0x00000000000012c6       0x22 build/obj/src/bsp.o
 .debug_macro   0x00000000000012e8       0x1c build/obj/src/bsp.o
 .debug_macro   0x0000000000001304       0x22 build/obj/src/bsp.o
 .debug_macro   0x0000000000001326       0xd9 build/obj/src/bsp.o
 .debug_macro   0x00000000000013ff     0x102d build/obj/src/bsp.o
 .debug_macro   0x000000000000242c      0x11f build/obj/src/bsp.o
 .debug_macro   0x000000000000254b      0x2c3 build/obj/src/bsp.o
 .debug_macro   0x000000000000280e      0x112 build/obj/src/bsp.o
 .debug_macro   0x0000000000002920       0x11 build/obj/src/bsp.o
 .debug_macro   0x0000000000002931       0x2a build/obj/src/bsp.o
 .debug_macro   0x000000000000295b       0x16 build/obj/src/bsp.o
 .debug_macro   0x0000000000002971      0x2e6 build/obj/src/bsp.o
 .debug_macro   0x0000000000002c57       0x82 build/obj/src/bsp.o
 .debug_macro   0x0000000000002cd9      0x13d build/obj/src/bsp.o
 .debug_macro   0x0000000000002e16      0x198 build/obj/src/bsp.o
 .debug_macro   0x0000000000002fae       0x34 build/obj/src/bsp.o
 .debug_macro   0x0000000000002fe2       0x58 build/obj/src/bsp.o
 .debug_macro   0x000000000000303a      0x236 build/obj/src/bsp.o
 .debug_macro   0x0000000000003270      0x572 build/obj/src/bsp.o
 .debug_macro   0x00000000000037e2       0x16 build/obj/src/bsp.o
 .debug_macro   0x00000000000037f8      0x18a build/obj/src/bsp.o
 .debug_macro   0x0000000000003982       0x88 build/obj/src/bsp.o
 .debug_macro   0x0000000000003a0a      0x1b9 build/obj/src/bsp.o
 .debug_macro   0x0000000000003bc3      0x1da build/obj/src/bsp.o
 .debug_macro   0x0000000000003d9d       0x40 build/obj/src/bsp.o
 .debug_macro   0x0000000000003ddd       0x1c build/obj/src/bsp.o
 .debug_macro   0x0000000000003df9       0x2e build/obj/src/bsp.o
 .debug_macro   0x0000000000003e27       0x2e build/obj/src/bsp.o
 .debug_macro   0x0000000000003e55       0x22 build/obj/src/bsp.o
 .debug_macro   0x0000000000003e77      0x201 build/obj/src/bsp.o
 .debug_macro   0x0000000000004078       0xe0 build/obj/src/bsp.o
 .debug_macro   0x0000000000004158      0x34c build/obj/src/bsp.o
 .debug_macro   0x00000000000044a4       0xdc build/obj/src/bsp.o
 .debug_macro   0x0000000000004580       0xc4 build/obj/src/bsp.o
 .debug_macro   0x0000000000004644       0x8f build/obj/src/bsp.o
 .debug_macro   0x00000000000046d3       0x94 build/obj/src/bsp.o
 .debug_macro   0x0000000000004767       0xb8 build/obj/src/bsp.o
 .debug_macro   0x000000000000481f       0x4c build/obj/src/bsp.o
 .debug_macro   0x000000000000486b       0x16 build/obj/src/bsp.o
 .debug_macro   0x0000000000004881      0x328 build/obj/src/bsp.o
 .debug_macro   0x0000000000004ba9       0x3a build/obj/src/bsp.o
 .debug_macro   0x0000000000004be3       0xd0 build/obj/src/bsp.o
 .debug_macro   0x0000000000004cb3       0x18 build/obj/src/bsp.o
 .debug_macro   0x0000000000004ccb       0x22 build/obj/src/bsp.o
 .debug_macro   0x0000000000004ced       0x40 build/obj/src/bsp.o
 .debug_macro   0x0000000000004d2d      0x130 build/obj/src/bsp.o
 .debug_macro   0x0000000000004e5d      0x325 build/obj/src/digital.o
 .debug_macro   0x0000000000005182      0x530 build/obj/src/main.o
 .debug_macro   0x00000000000056b2      0x174 build/obj/src/main.o
 .debug_macro   0x0000000000005826       0x6c build/obj/src/main.o
 .debug_macro   0x0000000000005892       0x11 build/obj/src/main.o
 .debug_macro   0x00000000000058a3       0x64 build/obj/src/main.o
 .debug_macro   0x0000000000005907       0x1e build/obj/src/main.o
 .debug_macro   0x0000000000005925       0x35 build/obj/src/main.o
 .debug_macro   0x000000000000595a       0x34 build/obj/src/main.o
 .debug_macro   0x000000000000598e       0x16 build/obj/src/main.o
 .debug_macro   0x00000000000059a4       0x35 build/obj/src/main.o
 .debug_macro   0x00000000000059d9      0x341 build/obj/src/main.o
 .debug_macro   0x0000000000005d1a       0x10 build/obj/src/main.o
 .debug_macro   0x0000000000005d2a       0x16 build/obj/src/main.o
 .debug_macro   0x0000000000005d40       0x43 build/obj/src/main.o
 .debug_macro   0x0000000000005d83       0x34 build/obj/src/main.o
 .debug_macro   0x0000000000005db7       0x10 build/obj/src/main.o
 .debug_macro   0x0000000000005dc7       0x58 build/obj/src/main.o
 .debug_macro   0x0000000000005e1f      0x182 build/obj/src/main.o
 .debug_macro   0x0000000000005fa1       0x10 build/obj/src/main.o
 .debug_macro   0x0000000000005fb1       0x1c build/obj/src/main.o
 .debug_macro   0x0000000000005fcd       0x52 build/obj/src/main.o
 .debug_macro   0x000000000000601f       0x22 build/obj/src/main.o
 .debug_macro   0x0000000000006041       0x10 build/obj/src/main.o
 .debug_macro   0x0000000000006051       0x52 build/obj/src/main.o
 .debug_macro   0x00000000000060a3       0xd5 build/obj/src/main.o
 .debug_macro   0x0000000000006178       0x1c build/obj/src/main.o
 .debug_macro   0x0000000000006194       0x3d build/obj/src/main.o
 .debug_macro   0x00000000000061d1       0x16 build/obj/src/main.o
 .debug_macro   0x00000000000061e7      0x16f build/obj/src/main.o
 .debug_macro   0x0000000000006356       0x20 build/obj/src/main.o
 .debug_macro   0x0000000000006376      0x109 build/obj/src/main.o
 .debug_macro   0x000000000000647f      0x181 build/obj/src/main.o
 .debug_macro   0x0000000000006600      0x15a build/obj/src/main.o
 .debug_macro   0x000000000000675a       0xea build/obj/src/main.o
 .debug_macro   0x0000000000006844       0x1c build/obj/src/main.o
 .debug_macro   0x0000000000006860       0x26 build/obj/src/main.o
 .debug_macro   0x0000000000006886      0x4c5 build/obj/src/main.o
 .debug_macro   0x0000000000006d4b       0xb5 build/obj/src/main.o
 .debug_macro   0x0000000000006e00      0x120 build/obj/src/main.o
 .debug_macro   0x0000000000006f20       0x80 build/obj/src/main.o
 .debug_macro   0x0000000000006fa0       0x7e build/obj/src/main.o
 .debug_macro   0x000000000000701e      0x5a3 build/lib/modules/freertos.a(queue.o)
 .debug_macro   0x00000000000075c1       0x5e build/lib/modules/freertos.a(queue.o)
 .debug_macro   0x000000000000761f       0x94 build/lib/modules/freertos.a(queue.o)
 .debug_macro   0x00000000000076b3       0x16 build/lib/modules/freertos.a(queue.o)
 .debug_macro   0x00000000000076c9      0x10e build/lib/modules/freertos.a(queue.o)
 .debug_macro   0x00000000000077d7       0x8d build/lib/modules/freertos.a(queue.o)
 .debug_macro   0x0000000000007864       0x57 build/lib/modules/freertos.a(queue.o)
 .debug_macro   0x00000000000078bb       0x16 build/lib/modules/freertos.a(queue.o)
 .debug_macro   0x00000000000078d1       0x29 build/lib/modules/freertos.a(queue.o)
 .debug_macro   0x00000000000078fa       0x16 build/lib/modules/freertos.a(queue.o)
 .debug_macro   0x0000000000007910       0x1c build/lib/modules/freertos.a(queue.o)
 .debug_macro   0x000000000000792c      0x600 build/lib/modules/freertos.a(tasks.o)
 .debug_macro   0x0000000000007f2c       0x91 build/lib/modules/freertos.a(tasks.o)
 .debug_macro   0x0000000000007fbd       0x10 build/lib/modules/freertos.a(tasks.o)
 .debug_macro   0x0000000000007fcd      0x568 build/lib/modules/freertos.a(timers.o)
 .debug_macro   0x0000000000008535       0x97 build/lib/modules/freertos.a(timers.o)
 .debug_macro   0x00000000000085cc      0x5c0 build/lib/modules/freertos.a(port.o)
 .debug_macro   0x0000000000008b8c      0x53a build/lib/modules/freertos.a(heap_4.o)
 .debug_macro   0x00000000000090c6      0x51f build/lib/modules/freertos.a(list.o)
 .debug_macro   0x00000000000095e5      0x495 build/lib/boards/edu-ciaa-nxp.a(board.o)
 .debug_macro   0x0000000000009a7a       0x73 build/lib/boards/edu-ciaa-nxp.a(board.o)
 .debug_macro   0x0000000000009aed       0x97 build/lib/boards/edu-ciaa-nxp.a(board.o)
 .debug_macro   0x0000000000009b84       0xfd build/lib/boards/edu-ciaa-nxp.a(board.o)
 .debug_macro   0x0000000000009c81      0x187 build/lib/boards/edu-ciaa-nxp.a(board.o)
 .debug_macro   0x0000000000009e08       0x1d build/lib/boards/edu-ciaa-nxp.a(armv7m_startup.o)
 .debug_macro   0x0000000000009e25      0x315 build/lib/boards/edu-ciaa-nxp.a(chip_18xx_43xx.o)
 .debug_macro   0x000000000000a13a      0x31b build/lib/boards/edu-ciaa-nxp.a(clock_18xx_43xx.o)
 .debug_macro   0x000000000000a455      0x48c build/lib/boards/edu-ciaa-nxp.a(sysinit.o)
 .debug_macro   0x000000000000a8e1      0x49e build/lib/boards/edu-ciaa-nxp.a(board_lpcopen.o)
 .debug_macro   0x000000000000ad7f      0x48c build/lib/boards/edu-ciaa-nxp.a(board_sysinit.o)
 .debug_macro   0x000000000000b20b      0x315 build/lib/boards/edu-ciaa-nxp.a(adc_18xx_43xx.o)
 .debug_macro   0x000000000000b520      0x315 build/lib/boards/edu-ciaa-nxp.a(gpio_18xx_43xx.o)
 .debug_macro   0x000000000000b835      0x327 build/lib/boards/edu-ciaa-nxp.a(i2c_18xx_43xx.o)
 .debug_macro   0x000000000000bb5c      0x315 build/lib/boards/edu-ciaa-nxp.a(ssp_18xx_43xx.o)
 .debug_macro   0x000000000000be71      0x315 build/lib/boards/edu-ciaa-nxp.a(sysinit_18xx_43xx.o)
 .debug_macro   0x000000000000c186      0x315 build/lib/boards/edu-ciaa-nxp.a(uart_18xx_43xx.o)

.debug_line     0x0000000000000000    0x1152d
 .debug_line    0x0000000000000000      0x8ec build/obj/src/bsp.o
 .debug_line    0x00000000000008ec      0xa23 build/obj/src/digital.o
 .debug_line    0x000000000000130f      0xa7a build/obj/src/main.o
 .debug_line    0x0000000000001d89     0x1a01 build/lib/modules/freertos.a(queue.o)
 .debug_line    0x000000000000378a     0x2135 build/lib/modules/freertos.a(tasks.o)
 .debug_line    0x00000000000058bf     0x10dd build/lib/modules/freertos.a(timers.o)
 .debug_line    0x000000000000699c      0xce4 build/lib/modules/freertos.a(port.o)
 .debug_line    0x0000000000007680      0xd3e build/lib/modules/freertos.a(heap_4.o)
 .debug_line    0x00000000000083be      0xaf3 build/lib/modules/freertos.a(list.o)
 .debug_line    0x0000000000008eb1      0x942 build/lib/boards/edu-ciaa-nxp.a(board.o)
 .debug_line    0x00000000000097f3      0x1fe build/lib/boards/edu-ciaa-nxp.a(armv7m_startup.o)
 .debug_line    0x00000000000099f1      0x7dc build/lib/boards/edu-ciaa-nxp.a(chip_18xx_43xx.o)
 .debug_line    0x000000000000a1cd     0x10d9 build/lib/boards/edu-ciaa-nxp.a(clock_18xx_43xx.o)
 .debug_line    0x000000000000b2a6      0x90a build/lib/boards/edu-ciaa-nxp.a(sysinit.o)
 .debug_line    0x000000000000bbb0      0xd5f build/lib/boards/edu-ciaa-nxp.a(board_lpcopen.o)
 .debug_line    0x000000000000c90f      0x9d2 build/lib/boards/edu-ciaa-nxp.a(board_sysinit.o)
 .debug_line    0x000000000000d2e1      0x9bc build/lib/boards/edu-ciaa-nxp.a(adc_18xx_43xx.o)
 .debug_line    0x000000000000dc9d      0x746 build/lib/boards/edu-ciaa-nxp.a(gpio_18xx_43xx.o)
 .debug_line    0x000000000000e3e3      0xdee build/lib/boards/edu-ciaa-nxp.a(i2c_18xx_43xx.o)
 .debug_line    0x000000000000f1d1      0xdbc build/lib/boards/edu-ciaa-nxp.a(ssp_18xx_43xx.o)
 .debug_line    0x000000000000ff8d      0x8c4 build/lib/boards/edu-ciaa-nxp.a(sysinit_18xx_43xx.o)
 .debug_line    0x0000000000010851      0xcdc build/lib/boards/edu-ciaa-nxp.a(uart_18xx_43xx.o)

.debug_str      0x0000000000000000    0x2748c
 .debug_str     0x0000000000000000    0x17900 build/obj/src/bsp.o
                                      0x17b5a (size before relaxing)
 .debug_str     0x0000000000017900      0x1b6 build/obj/src/digital.o
                                      0x16a4f (size before relaxing)
 .debug_str     0x0000000000017ab6     0x9b25 build/obj/src/main.o
                                      0x20e56 (size before relaxing)
 .debug_str     0x00000000000215db      0xaeb build/lib/modules/freertos.a(queue.o)
                                      0x21165 (size before relaxing)
 .debug_str     0x00000000000220c6     0x1c3d build/lib/modules/freertos.a(tasks.o)
                                      0x21e92 (size before relaxing)
 .debug_str     0x0000000000023d03      0x5e4 build/lib/modules/freertos.a(timers.o)
                                      0x2161d (size before relaxing)
 .debug_str     0x00000000000242e7      0x7f4 build/lib/modules/freertos.a(port.o)
                                      0x20747 (size before relaxing)
 .debug_str     0x0000000000024adb      0x33f build/lib/modules/freertos.a(heap_4.o)
                                      0x20321 (size before relaxing)
 .debug_str     0x0000000000024e1a       0xad build/lib/modules/freertos.a(list.o)
                                      0x1e487 (size before relaxing)
 .debug_str     0x0000000000024ec7       0x4f build/lib/boards/edu-ciaa-nxp.a(board.o)
                                      0x1babf (size before relaxing)
 .debug_str     0x0000000000024f16      0x1e7 build/lib/boards/edu-ciaa-nxp.a(armv7m_startup.o)
                                       0x2f33 (size before relaxing)
 .debug_str     0x00000000000250fd      0x29e build/lib/boards/edu-ciaa-nxp.a(chip_18xx_43xx.o)
                                      0x17524 (size before relaxing)
 .debug_str     0x000000000002539b      0x653 build/lib/boards/edu-ciaa-nxp.a(clock_18xx_43xx.o)
                                      0x17ab1 (size before relaxing)
 .debug_str     0x00000000000259ee       0x83 build/lib/boards/edu-ciaa-nxp.a(sysinit.o)
                                      0x1a8cc (size before relaxing)
 .debug_str     0x0000000000025a71      0x806 build/lib/boards/edu-ciaa-nxp.a(board_lpcopen.o)
                                      0x1bb68 (size before relaxing)
 .debug_str     0x0000000000026277      0x11a build/lib/boards/edu-ciaa-nxp.a(board_sysinit.o)
                                      0x1b5cf (size before relaxing)
 .debug_str     0x0000000000026391      0x231 build/lib/boards/edu-ciaa-nxp.a(adc_18xx_43xx.o)
                                      0x17051 (size before relaxing)
 .debug_str     0x00000000000265c2       0x6f build/lib/boards/edu-ciaa-nxp.a(gpio_18xx_43xx.o)
                                      0x16844 (size before relaxing)
 .debug_str     0x0000000000026631      0x5dc build/lib/boards/edu-ciaa-nxp.a(i2c_18xx_43xx.o)
                                      0x177ec (size before relaxing)
 .debug_str     0x0000000000026c0d      0x428 build/lib/boards/edu-ciaa-nxp.a(ssp_18xx_43xx.o)
                                      0x1724b (size before relaxing)
 .debug_str     0x0000000000027035       0xee build/lib/boards/edu-ciaa-nxp.a(sysinit_18xx_43xx.o)
                                      0x174f6 (size before relaxing)
 .debug_str     0x0000000000027123      0x369 build/lib/boards/edu-ciaa-nxp.a(uart_18xx_43xx.o)
                                      0x1766c (size before relaxing)

.comment        0x0000000000000000       0x49
 .comment       0x0000000000000000       0x49 build/obj/src/bsp.o
                                         0x4a (size before relaxing)
 .comment       0x0000000000000049       0x4a build/obj/src/digital.o
 .comment       0x0000000000000049       0x4a build/obj/src/main.o
 .comment       0x0000000000000049       0x4a build/lib/modules/freertos.a(queue.o)
 .comment       0x0000000000000049       0x4a build/lib/modules/freertos.a(tasks.o)
 .comment       0x0000000000000049       0x4a build/lib/modules/freertos.a(timers.o)
 .comment       0x0000000000000049       0x4a build/lib/modules/freertos.a(port.o)
 .comment       0x0000000000000049       0x4a build/lib/modules/freertos.a(heap_4.o)
 .comment       0x0000000000000049       0x4a build/lib/modules/freertos.a(list.o)
 .comment       0x0000000000000049       0x4a build/lib/boards/edu-ciaa-nxp.a(board.o)
 .comment       0x0000000000000049       0x4a build/lib/boards/edu-ciaa-nxp.a(armv7m_startup.o)
 .comment       0x0000000000000049       0x4a build/lib/boards/edu-ciaa-nxp.a(chip_18xx_43xx.o)
 .comment       0x0000000000000049       0x4a build/lib/boards/edu-ciaa-nxp.a(clock_18xx_43xx.o)
 .comment       0x0000000000000049       0x4a build/lib/boards/edu-ciaa-nxp.a(sysinit.o)
 .comment       0x0000000000000049       0x4a build/lib/boards/edu-ciaa-nxp.a(board_lpcopen.o)
 .comment       0x0000000000000049       0x4a build/lib/boards/edu-ciaa-nxp.a(board_sysinit.o)
 .comment       0x0000000000000049       0x4a build/lib/boards/edu-ciaa-nxp.a(adc_18xx_43xx.o)
 .comment       0x0000000000000049       0x4a build/lib/boards/edu-ciaa-nxp.a(gpio_18xx_43xx.o)
 .comment       0x0000000000000049       0x4a build/lib/boards/edu-ciaa-nxp.a(i2c_18xx_43xx.o)
 .comment       0x0000000000000049       0x4a build/lib/boards/edu-ciaa-nxp.a(ssp_18xx_43xx.o)
 .comment       0x0000000000000049       0x4a build/lib/boards/edu-ciaa-nxp.a(sysinit_18xx_43xx.o)
 .comment       0x0000000000000049       0x4a build/lib/boards/edu-ciaa-nxp.a(uart_18xx_43xx.o)

.ARM.attributes
                0x0000000000000000       0x30
 .ARM.attributes
                0x0000000000000000       0x32 build/obj/src/bsp.o
 .ARM.attributes
                0x0000000000000032       0x32 build/obj/src/digital.o
 .ARM.attributes
                0x0000000000000064       0x32 build/obj/src/main.o
 .ARM.attributes
                0x0000000000000096       0x32 build/lib/modules/freertos.a(queue.o)
 .ARM.attributes
                0x00000000000000c8       0x32 build/lib/modules/freertos.a(tasks.o)
 .ARM.attributes
                0x00000000000000fa       0x32 build/lib/modules/freertos.a(timers.o)
 .ARM.attributes
                0x000000000000012c       0x32 build/lib/modules/freertos.a(port.o)
 .ARM.attributes
                0x000000000000015e       0x32 build/lib/modules/freertos.a(heap_4.o)
 .ARM.attributes
                0x0000000000000190       0x32 build/lib/modules/freertos.a(list.o)
 .ARM.attributes
                0x00000000000001c2       0x32 build/lib/boards/edu-ciaa-nxp.a(board.o)
 .ARM.attributes
                0x00000000000001f4       0x32 build/lib/boards/edu-ciaa-nxp.a(armv7m_startup.o)
 .ARM.attributes
                0x0000000000000226       0x32 build/lib/boards/edu-ciaa-nxp.a(chip_18xx_43xx.o)
 .ARM.attributes
                0x0000000000000258       0x32 build/lib/boards/edu-ciaa-nxp.a(clock_18xx_43xx.o)
 .ARM.attributes
                0x000000000000028a       0x32 build/lib/boards/edu-ciaa-nxp.a(sysinit.o)
 .ARM.attributes
                0x00000000000002bc       0x32 build/lib/boards/edu-ciaa-nxp.a(board_lpcopen.o)
 .ARM.attributes
                0x00000000000002ee       0x32 build/lib/boards/edu-ciaa-nxp.a(board_sysinit.o)
 .ARM.attributes
                0x0000000000000320       0x32 build/lib/boards/edu-ciaa-nxp.a(adc_18xx_43xx.o)
 .ARM.attributes
                0x0000000000000352       0x32 build/lib/boards/edu-ciaa-nxp.a(gpio_18xx_43xx.o)
 .ARM.attributes
                0x0000000000000384       0x32 build/lib/boards/edu-ciaa-nxp.a(i2c_18xx_43xx.o)
 .ARM.attributes
                0x00000000000003b6       0x32 build/lib/boards/edu-ciaa-nxp.a(ssp_18xx_43xx.o)
 .ARM.attributes
                0x00000000000003e8       0x32 build/lib/boards/edu-ciaa-nxp.a(sysinit_18xx_43xx.o)
 .ARM.attributes
                0x000000000000041a       0x32 build/lib/boards/edu-ciaa-nxp.a(uart_18xx_43xx.o)
 .ARM.attributes
                0x000000000000044c       0x1e /home/pablo/eiti/2022/embebidos/gcc/gcc-arm/bin/../lib/gcc/arm-none-eabi/10.3.1/thumb/v7e-m+fp/softfp/libgcc.a(_aeabi_uldivmod.o)
 .ARM.attributes
                0x000000000000046a       0x32 /home/pablo/eiti/2022/embebidos/gcc/gcc-arm/bin/../lib/gcc/arm-none-eabi/10.3.1/thumb/v7e-m+fp/softfp/libgcc.a(_udivmoddi4.o)
 .ARM.attributes
                0x000000000000049c       0x1e /home/pablo/eiti/2022/embebidos/gcc/gcc-arm/bin/../lib/gcc/arm-none-eabi/10.3.1/thumb/v7e-m+fp/softfp/libgcc.a(_dvmd_tls.o)
 .ARM.attributes
                0x00000000000004ba       0x32 /home/pablo/eiti/2022/embebidos/gcc/gcc-arm/bin/../lib/gcc/arm-none-eabi/10.3.1/../../../../arm-none-eabi/lib/thumb/v7e-m+fp/softfp/libc_nano.a(lib_a-init.o)
 .ARM.attributes
                0x00000000000004ec       0x32 /home/pablo/eiti/2022/embebidos/gcc/gcc-arm/bin/../lib/gcc/arm-none-eabi/10.3.1/../../../../arm-none-eabi/lib/thumb/v7e-m+fp/softfp/libc_nano.a(lib_a-memcpy-stub.o)
 .ARM.attributes
                0x000000000000051e       0x32 /home/pablo/eiti/2022/embebidos/gcc/gcc-arm/bin/../lib/gcc/arm-none-eabi/10.3.1/../../../../arm-none-eabi/lib/thumb/v7e-m+fp/softfp/libc_nano.a(lib_a-memset.o)

.debug_frame    0x0000000000000000     0x3a84
 .debug_frame   0x0000000000000000      0x160 build/obj/src/bsp.o
 .debug_frame   0x0000000000000160      0x294 build/obj/src/digital.o
 .debug_frame   0x00000000000003f4       0x50 build/obj/src/main.o
 .debug_frame   0x0000000000000444      0x580 build/lib/modules/freertos.a(queue.o)
 .debug_frame   0x00000000000009c4      0x8e0 build/lib/modules/freertos.a(tasks.o)
 .debug_frame   0x00000000000012a4      0x3d4 build/lib/modules/freertos.a(timers.o)
 .debug_frame   0x0000000000001678      0x1a8 build/lib/modules/freertos.a(port.o)
 .debug_frame   0x0000000000001820      0x12c build/lib/modules/freertos.a(heap_4.o)
 .debug_frame   0x000000000000194c       0xd8 build/lib/modules/freertos.a(list.o)
 .debug_frame   0x0000000000001a24       0x58 build/lib/boards/edu-ciaa-nxp.a(board.o)
 .debug_frame   0x0000000000001a7c      0x1b8 build/lib/boards/edu-ciaa-nxp.a(armv7m_startup.o)
 .debug_frame   0x0000000000001c34       0xa0 build/lib/boards/edu-ciaa-nxp.a(chip_18xx_43xx.o)
 .debug_frame   0x0000000000001cd4      0x568 build/lib/boards/edu-ciaa-nxp.a(clock_18xx_43xx.o)
 .debug_frame   0x000000000000223c       0x54 build/lib/boards/edu-ciaa-nxp.a(sysinit.o)
 .debug_frame   0x0000000000002290      0x4f4 build/lib/boards/edu-ciaa-nxp.a(board_lpcopen.o)
 .debug_frame   0x0000000000002784       0xe0 build/lib/boards/edu-ciaa-nxp.a(board_sysinit.o)
 .debug_frame   0x0000000000002864      0x264 build/lib/boards/edu-ciaa-nxp.a(adc_18xx_43xx.o)
 .debug_frame   0x0000000000002ac8       0x60 build/lib/boards/edu-ciaa-nxp.a(gpio_18xx_43xx.o)
 .debug_frame   0x0000000000002b28      0x4c8 build/lib/boards/edu-ciaa-nxp.a(i2c_18xx_43xx.o)
 .debug_frame   0x0000000000002ff0      0x3e8 build/lib/boards/edu-ciaa-nxp.a(ssp_18xx_43xx.o)
 .debug_frame   0x00000000000033d8       0xf4 build/lib/boards/edu-ciaa-nxp.a(sysinit_18xx_43xx.o)
 .debug_frame   0x00000000000034cc      0x4e4 build/lib/boards/edu-ciaa-nxp.a(uart_18xx_43xx.o)
 .debug_frame   0x00000000000039b0       0x2c /home/pablo/eiti/2022/embebidos/gcc/gcc-arm/bin/../lib/gcc/arm-none-eabi/10.3.1/thumb/v7e-m+fp/softfp/libgcc.a(_aeabi_uldivmod.o)
 .debug_frame   0x00000000000039dc       0x34 /home/pablo/eiti/2022/embebidos/gcc/gcc-arm/bin/../lib/gcc/arm-none-eabi/10.3.1/thumb/v7e-m+fp/softfp/libgcc.a(_udivmoddi4.o)
 .debug_frame   0x0000000000003a10       0x2c /home/pablo/eiti/2022/embebidos/gcc/gcc-arm/bin/../lib/gcc/arm-none-eabi/10.3.1/../../../../arm-none-eabi/lib/thumb/v7e-m+fp/softfp/libc_nano.a(lib_a-init.o)
 .debug_frame   0x0000000000003a3c       0x28 /home/pablo/eiti/2022/embebidos/gcc/gcc-arm/bin/../lib/gcc/arm-none-eabi/10.3.1/../../../../arm-none-eabi/lib/thumb/v7e-m+fp/softfp/libc_nano.a(lib_a-memcpy-stub.o)
 .debug_frame   0x0000000000003a64       0x20 /home/pablo/eiti/2022/embebidos/gcc/gcc-arm/bin/../lib/gcc/arm-none-eabi/10.3.1/../../../../arm-none-eabi/lib/thumb/v7e-m+fp/softfp/libc_nano.a(lib_a-memset.o)

Cross Reference Table

Symbol                                            File
Blinking                                          build/obj/src/main.o
BoardCreate                                       build/obj/src/bsp.o
                                                  build/obj/src/main.o
BoardInit                                         build/lib/boards/edu-ciaa-nxp.a(board.o)
Board_ADC_ReadBegin                               build/lib/boards/edu-ciaa-nxp.a(board_lpcopen.o)
Board_ADC_ReadEnd                                 build/lib/boards/edu-ciaa-nxp.a(board_lpcopen.o)
Board_ADC_ReadWait                                build/lib/boards/edu-ciaa-nxp.a(board_lpcopen.o)
Board_Debug_Init                                  build/lib/boards/edu-ciaa-nxp.a(board_lpcopen.o)
Board_Init                                        build/lib/boards/edu-ciaa-nxp.a(board_lpcopen.o)
                                                  build/lib/boards/edu-ciaa-nxp.a(sysinit.o)
Board_LED_Set                                     build/lib/boards/edu-ciaa-nxp.a(board_lpcopen.o)
Board_LED_Test                                    build/lib/boards/edu-ciaa-nxp.a(board_lpcopen.o)
Board_LED_Toggle                                  build/lib/boards/edu-ciaa-nxp.a(board_lpcopen.o)
Board_SetupClocking                               build/lib/boards/edu-ciaa-nxp.a(board_sysinit.o)
Board_SetupMuxing                                 build/lib/boards/edu-ciaa-nxp.a(board_sysinit.o)
Board_SystemInit                                  build/lib/boards/edu-ciaa-nxp.a(board_sysinit.o)
                                                  build/lib/boards/edu-ciaa-nxp.a(sysinit.o)
Board_TEC_GetStatus                               build/lib/boards/edu-ciaa-nxp.a(board_lpcopen.o)
Board_UARTGetChar                                 build/lib/boards/edu-ciaa-nxp.a(board_lpcopen.o)
Board_UARTPutChar                                 build/lib/boards/edu-ciaa-nxp.a(board_lpcopen.o)
Board_UARTPutSTR                                  build/lib/boards/edu-ciaa-nxp.a(board_lpcopen.o)
BusFault_Handler                                  build/lib/boards/edu-ciaa-nxp.a(armv7m_startup.o)
Chip_ADC_DeInit                                   build/lib/boards/edu-ciaa-nxp.a(adc_18xx_43xx.o)
Chip_ADC_EnableChannel                            build/lib/boards/edu-ciaa-nxp.a(adc_18xx_43xx.o)
                                                  build/lib/boards/edu-ciaa-nxp.a(board_lpcopen.o)
Chip_ADC_Init                                     build/lib/boards/edu-ciaa-nxp.a(adc_18xx_43xx.o)
                                                  build/lib/boards/edu-ciaa-nxp.a(board_lpcopen.o)
Chip_ADC_Int_SetChannelCmd                        build/lib/boards/edu-ciaa-nxp.a(adc_18xx_43xx.o)
Chip_ADC_ReadByte                                 build/lib/boards/edu-ciaa-nxp.a(adc_18xx_43xx.o)
Chip_ADC_ReadStatus                               build/lib/boards/edu-ciaa-nxp.a(adc_18xx_43xx.o)
                                                  build/lib/boards/edu-ciaa-nxp.a(board_lpcopen.o)
Chip_ADC_ReadValue                                build/lib/boards/edu-ciaa-nxp.a(adc_18xx_43xx.o)
                                                  build/lib/boards/edu-ciaa-nxp.a(board_lpcopen.o)
Chip_ADC_SetBurstCmd                              build/lib/boards/edu-ciaa-nxp.a(adc_18xx_43xx.o)
                                                  build/lib/boards/edu-ciaa-nxp.a(board_lpcopen.o)
Chip_ADC_SetResolution                            build/lib/boards/edu-ciaa-nxp.a(adc_18xx_43xx.o)
                                                  build/lib/boards/edu-ciaa-nxp.a(board_lpcopen.o)
Chip_ADC_SetSampleRate                            build/lib/boards/edu-ciaa-nxp.a(adc_18xx_43xx.o)
                                                  build/lib/boards/edu-ciaa-nxp.a(board_lpcopen.o)
Chip_ADC_SetStartMode                             build/lib/boards/edu-ciaa-nxp.a(adc_18xx_43xx.o)
                                                  build/lib/boards/edu-ciaa-nxp.a(board_lpcopen.o)
Chip_Clock_CalcMainPLLValue                       build/lib/boards/edu-ciaa-nxp.a(clock_18xx_43xx.o)
                                                  build/lib/boards/edu-ciaa-nxp.a(sysinit_18xx_43xx.o)
Chip_Clock_ClearPowerDown                         build/lib/boards/edu-ciaa-nxp.a(clock_18xx_43xx.o)
Chip_Clock_Disable                                build/lib/boards/edu-ciaa-nxp.a(clock_18xx_43xx.o)
                                                  build/lib/boards/edu-ciaa-nxp.a(uart_18xx_43xx.o)
                                                  build/lib/boards/edu-ciaa-nxp.a(ssp_18xx_43xx.o)
                                                  build/lib/boards/edu-ciaa-nxp.a(i2c_18xx_43xx.o)
                                                  build/lib/boards/edu-ciaa-nxp.a(adc_18xx_43xx.o)
Chip_Clock_DisableBaseClock                       build/lib/boards/edu-ciaa-nxp.a(clock_18xx_43xx.o)
Chip_Clock_DisableCrystal                         build/lib/boards/edu-ciaa-nxp.a(clock_18xx_43xx.o)
Chip_Clock_DisablePLL                             build/lib/boards/edu-ciaa-nxp.a(clock_18xx_43xx.o)
Chip_Clock_Enable                                 build/lib/boards/edu-ciaa-nxp.a(clock_18xx_43xx.o)
                                                  build/lib/boards/edu-ciaa-nxp.a(ssp_18xx_43xx.o)
                                                  build/lib/boards/edu-ciaa-nxp.a(i2c_18xx_43xx.o)
Chip_Clock_EnableBaseClock                        build/lib/boards/edu-ciaa-nxp.a(clock_18xx_43xx.o)
                                                  build/lib/boards/edu-ciaa-nxp.a(chip_18xx_43xx.o)
Chip_Clock_EnableCrystal                          build/lib/boards/edu-ciaa-nxp.a(clock_18xx_43xx.o)
                                                  build/lib/boards/edu-ciaa-nxp.a(sysinit_18xx_43xx.o)
Chip_Clock_EnableOpts                             build/lib/boards/edu-ciaa-nxp.a(clock_18xx_43xx.o)
                                                  build/lib/boards/edu-ciaa-nxp.a(uart_18xx_43xx.o)
                                                  build/lib/boards/edu-ciaa-nxp.a(adc_18xx_43xx.o)
                                                  build/lib/boards/edu-ciaa-nxp.a(chip_18xx_43xx.o)
Chip_Clock_EnablePLL                              build/lib/boards/edu-ciaa-nxp.a(clock_18xx_43xx.o)
                                                  build/lib/boards/edu-ciaa-nxp.a(chip_18xx_43xx.o)
Chip_Clock_GetBaseClock                           build/lib/boards/edu-ciaa-nxp.a(clock_18xx_43xx.o)
Chip_Clock_GetBaseClockOpts                       build/lib/boards/edu-ciaa-nxp.a(clock_18xx_43xx.o)
Chip_Clock_GetBaseClocktHz                        build/lib/boards/edu-ciaa-nxp.a(clock_18xx_43xx.o)
Chip_Clock_GetClockInputHz                        build/lib/boards/edu-ciaa-nxp.a(clock_18xx_43xx.o)
                                                  build/lib/boards/edu-ciaa-nxp.a(chip_18xx_43xx.o)
Chip_Clock_GetDividerDivisor                      build/lib/boards/edu-ciaa-nxp.a(clock_18xx_43xx.o)
Chip_Clock_GetDividerSource                       build/lib/boards/edu-ciaa-nxp.a(clock_18xx_43xx.o)
Chip_Clock_GetEMCRate                             build/lib/boards/edu-ciaa-nxp.a(clock_18xx_43xx.o)
Chip_Clock_GetMainPLLHz                           build/lib/boards/edu-ciaa-nxp.a(clock_18xx_43xx.o)
Chip_Clock_GetPLLStatus                           build/lib/boards/edu-ciaa-nxp.a(clock_18xx_43xx.o)
                                                  build/lib/boards/edu-ciaa-nxp.a(chip_18xx_43xx.o)
Chip_Clock_GetRate                                build/lib/boards/edu-ciaa-nxp.a(clock_18xx_43xx.o)
                                                  build/lib/boards/edu-ciaa-nxp.a(uart_18xx_43xx.o)
                                                  build/lib/boards/edu-ciaa-nxp.a(ssp_18xx_43xx.o)
                                                  build/lib/boards/edu-ciaa-nxp.a(i2c_18xx_43xx.o)
                                                  build/lib/boards/edu-ciaa-nxp.a(adc_18xx_43xx.o)
                                                  build/lib/boards/edu-ciaa-nxp.a(chip_18xx_43xx.o)
Chip_Clock_IsBaseClockEnabled                     build/lib/boards/edu-ciaa-nxp.a(clock_18xx_43xx.o)
Chip_Clock_RTCEnable                              build/lib/boards/edu-ciaa-nxp.a(clock_18xx_43xx.o)
Chip_Clock_SetBaseClock                           build/lib/boards/edu-ciaa-nxp.a(clock_18xx_43xx.o)
                                                  build/lib/boards/edu-ciaa-nxp.a(sysinit_18xx_43xx.o)
                                                  build/lib/boards/edu-ciaa-nxp.a(board_sysinit.o)
                                                  build/lib/boards/edu-ciaa-nxp.a(chip_18xx_43xx.o)
Chip_Clock_SetDivider                             build/lib/boards/edu-ciaa-nxp.a(clock_18xx_43xx.o)
                                                  build/lib/boards/edu-ciaa-nxp.a(chip_18xx_43xx.o)
Chip_Clock_SetupMainPLLHz                         build/lib/boards/edu-ciaa-nxp.a(clock_18xx_43xx.o)
Chip_Clock_SetupMainPLLMult                       build/lib/boards/edu-ciaa-nxp.a(clock_18xx_43xx.o)
Chip_Clock_SetupPLL                               build/lib/boards/edu-ciaa-nxp.a(clock_18xx_43xx.o)
                                                  build/lib/boards/edu-ciaa-nxp.a(chip_18xx_43xx.o)
Chip_Clock_StartPowerDown                         build/lib/boards/edu-ciaa-nxp.a(clock_18xx_43xx.o)
Chip_GPIO_DeInit                                  build/lib/boards/edu-ciaa-nxp.a(gpio_18xx_43xx.o)
Chip_GPIO_Init                                    build/lib/boards/edu-ciaa-nxp.a(gpio_18xx_43xx.o)
                                                  build/lib/boards/edu-ciaa-nxp.a(board_lpcopen.o)
Chip_I2C_DeInit                                   build/lib/boards/edu-ciaa-nxp.a(i2c_18xx_43xx.o)
Chip_I2C_Disable                                  build/lib/boards/edu-ciaa-nxp.a(i2c_18xx_43xx.o)
Chip_I2C_EventHandler                             build/lib/boards/edu-ciaa-nxp.a(i2c_18xx_43xx.o)
Chip_I2C_EventHandlerPolling                      build/lib/boards/edu-ciaa-nxp.a(i2c_18xx_43xx.o)
Chip_I2C_GetClockRate                             build/lib/boards/edu-ciaa-nxp.a(i2c_18xx_43xx.o)
Chip_I2C_GetMasterEventHandler                    build/lib/boards/edu-ciaa-nxp.a(i2c_18xx_43xx.o)
Chip_I2C_Init                                     build/lib/boards/edu-ciaa-nxp.a(i2c_18xx_43xx.o)
                                                  build/lib/boards/edu-ciaa-nxp.a(board_lpcopen.o)
Chip_I2C_IsMasterActive                           build/lib/boards/edu-ciaa-nxp.a(i2c_18xx_43xx.o)
Chip_I2C_IsStateChanged                           build/lib/boards/edu-ciaa-nxp.a(i2c_18xx_43xx.o)
Chip_I2C_MasterCmdRead                            build/lib/boards/edu-ciaa-nxp.a(i2c_18xx_43xx.o)
Chip_I2C_MasterRead                               build/lib/boards/edu-ciaa-nxp.a(i2c_18xx_43xx.o)
Chip_I2C_MasterSend                               build/lib/boards/edu-ciaa-nxp.a(i2c_18xx_43xx.o)
Chip_I2C_MasterStateHandler                       build/lib/boards/edu-ciaa-nxp.a(i2c_18xx_43xx.o)
Chip_I2C_MasterTransfer                           build/lib/boards/edu-ciaa-nxp.a(i2c_18xx_43xx.o)
Chip_I2C_SetClockRate                             build/lib/boards/edu-ciaa-nxp.a(i2c_18xx_43xx.o)
                                                  build/lib/boards/edu-ciaa-nxp.a(board_lpcopen.o)
Chip_I2C_SetMasterEventHandler                    build/lib/boards/edu-ciaa-nxp.a(i2c_18xx_43xx.o)
Chip_I2C_SlaveSetup                               build/lib/boards/edu-ciaa-nxp.a(i2c_18xx_43xx.o)
Chip_I2C_SlaveStateHandler                        build/lib/boards/edu-ciaa-nxp.a(i2c_18xx_43xx.o)
Chip_SSP_DeInit                                   build/lib/boards/edu-ciaa-nxp.a(ssp_18xx_43xx.o)
Chip_SSP_Init                                     build/lib/boards/edu-ciaa-nxp.a(ssp_18xx_43xx.o)
                                                  build/lib/boards/edu-ciaa-nxp.a(board_lpcopen.o)
Chip_SSP_Int_FlushData                            build/lib/boards/edu-ciaa-nxp.a(ssp_18xx_43xx.o)
Chip_SSP_Int_RWFrames16Bits                       build/lib/boards/edu-ciaa-nxp.a(ssp_18xx_43xx.o)
Chip_SSP_Int_RWFrames8Bits                        build/lib/boards/edu-ciaa-nxp.a(ssp_18xx_43xx.o)
Chip_SSP_RWFrames_Blocking                        build/lib/boards/edu-ciaa-nxp.a(ssp_18xx_43xx.o)
Chip_SSP_ReadFrames_Blocking                      build/lib/boards/edu-ciaa-nxp.a(ssp_18xx_43xx.o)
Chip_SSP_SetBitRate                               build/lib/boards/edu-ciaa-nxp.a(ssp_18xx_43xx.o)
                                                  build/lib/boards/edu-ciaa-nxp.a(board_lpcopen.o)
Chip_SSP_SetClockRate                             build/lib/boards/edu-ciaa-nxp.a(ssp_18xx_43xx.o)
Chip_SSP_SetMaster                                build/lib/boards/edu-ciaa-nxp.a(ssp_18xx_43xx.o)
Chip_SSP_WriteFrames_Blocking                     build/lib/boards/edu-ciaa-nxp.a(ssp_18xx_43xx.o)
Chip_SetupCoreClock                               build/lib/boards/edu-ciaa-nxp.a(sysinit_18xx_43xx.o)
                                                  build/lib/boards/edu-ciaa-nxp.a(board_sysinit.o)
Chip_SetupIrcClocking                             build/lib/boards/edu-ciaa-nxp.a(sysinit_18xx_43xx.o)
Chip_SetupXtalClocking                            build/lib/boards/edu-ciaa-nxp.a(sysinit_18xx_43xx.o)
Chip_SystemInit                                   build/lib/boards/edu-ciaa-nxp.a(sysinit_18xx_43xx.o)
Chip_UART_ABCmd                                   build/lib/boards/edu-ciaa-nxp.a(uart_18xx_43xx.o)
Chip_UART_CheckBusy                               build/lib/boards/edu-ciaa-nxp.a(uart_18xx_43xx.o)
Chip_UART_DeInit                                  build/lib/boards/edu-ciaa-nxp.a(uart_18xx_43xx.o)
Chip_UART_GetABEOStatus                           build/lib/boards/edu-ciaa-nxp.a(uart_18xx_43xx.o)
Chip_UART_IRQRBHandler                            build/lib/boards/edu-ciaa-nxp.a(uart_18xx_43xx.o)
Chip_UART_Init                                    build/lib/boards/edu-ciaa-nxp.a(uart_18xx_43xx.o)
                                                  build/lib/boards/edu-ciaa-nxp.a(board_lpcopen.o)
Chip_UART_RXIntHandlerRB                          build/lib/boards/edu-ciaa-nxp.a(uart_18xx_43xx.o)
Chip_UART_Read                                    build/lib/boards/edu-ciaa-nxp.a(uart_18xx_43xx.o)
Chip_UART_ReadBlocking                            build/lib/boards/edu-ciaa-nxp.a(uart_18xx_43xx.o)